Copyright 1986-2022 Xilinx, Inc. All Rights Reserved. Copyright 2022-2023 Advanced Micro Devices, Inc. All Rights Reserved.
-------------------------------------------------------------------------------------------------------------------------------------------------------------------------------------------------
| Tool Version     : Vivado v.2023.2 (win64) Build 4029153 Fri Oct 13 20:14:34 MDT 2023
| Date             : Sat May  9 01:37:37 2026
| Host             : NICHOLAS running 64-bit major release  (build 9200)
| Command          : report_power -file video_out_pynq_z2_wrapper_power_routed.rpt -pb video_out_pynq_z2_wrapper_power_summary_routed.pb -rpx video_out_pynq_z2_wrapper_power_routed.rpx
| Design           : video_out_pynq_z2_wrapper
| Device           : xc7z020clg400-1
| Design State     : routed
| Grade            : commercial
| Process          : typical
| Characterization : Production
-------------------------------------------------------------------------------------------------------------------------------------------------------------------------------------------------

Power Report

Table of Contents
-----------------
1. Summary
1.1 On-Chip Components
1.2 Power Supply Summary
1.3 Confidence Level
2. Settings
2.1 Environment
2.2 Clock Constraints
3. Detailed Reports
3.1 By Hierarchy

1. Summary
----------

+--------------------------+--------------+
| Total On-Chip Power (W)  | 1.967        |
| Design Power Budget (W)  | Unspecified* |
| Power Budget Margin (W)  | NA           |
| Dynamic (W)              | 1.814        |
| Device Static (W)        | 0.153        |
| Effective TJA (C/W)      | 11.5         |
| Max Ambient (C)          | 62.3         |
| Junction Temperature (C) | 47.7         |
| Confidence Level         | Low          |
| Setting File             | ---          |
| Simulation Activity File | ---          |
| Design Nets Matched      | NA           |
+--------------------------+--------------+
* Specify Design Power Budget using, set_operating_conditions -design_power_budget <value in Watts>


1.1 On-Chip Components
----------------------

+--------------------------+-----------+----------+-----------+-----------------+
| On-Chip                  | Power (W) | Used     | Available | Utilization (%) |
+--------------------------+-----------+----------+-----------+-----------------+
| Clocks                   |     0.036 |       10 |       --- |             --- |
| Slice Logic              |     0.012 |    15368 |       --- |             --- |
|   LUT as Logic           |     0.008 |     4499 |     53200 |            8.46 |
|   LUT as Distributed RAM |     0.002 |      924 |     17400 |            5.31 |
|   Register               |    <0.001 |     7057 |    106400 |            6.63 |
|   F7/F8 Muxes            |    <0.001 |     1036 |     53200 |            1.95 |
|   CARRY4                 |    <0.001 |      147 |     13300 |            1.11 |
|   BUFG                   |    <0.001 |        2 |        32 |            6.25 |
|   Others                 |    <0.001 |      724 |       --- |             --- |
|   LUT as Shift Register  |    <0.001 |        8 |     17400 |            0.05 |
|   BUFR                   |     0.000 |        1 |        88 |            1.14 |
| Signals                  |     0.015 |    10244 |       --- |             --- |
| Block RAM                |     0.009 |      8.5 |       140 |            6.07 |
| MMCM                     |     0.181 |        2 |         4 |           50.00 |
| PLL                      |     0.135 |        1 |         4 |           25.00 |
| I/O                      |     0.164 |       20 |       125 |           16.00 |
| PS7                      |     1.262 |        1 |       --- |             --- |
| Static Power             |     0.153 |          |           |                 |
| Total                    |     1.967 |          |           |                 |
+--------------------------+-----------+----------+-----------+-----------------+


1.2 Power Supply Summary
------------------------

+-----------+-------------+-----------+-------------+------------+-------------+-------------+------------+
| Source    | Voltage (V) | Total (A) | Dynamic (A) | Static (A) | Powerup (A) | Budget (A)  | Margin (A) |
+-----------+-------------+-----------+-------------+------------+-------------+-------------+------------+
| Vccint    |       1.000 |     0.106 |       0.089 |      0.017 |       NA    | Unspecified | NA         |
| Vccaux    |       1.800 |     0.201 |       0.184 |      0.016 |       NA    | Unspecified | NA         |
| Vcco33    |       3.300 |     0.041 |       0.040 |      0.001 |       NA    | Unspecified | NA         |
| Vcco25    |       2.500 |     0.000 |       0.000 |      0.000 |       NA    | Unspecified | NA         |
| Vcco18    |       1.800 |     0.000 |       0.000 |      0.000 |       NA    | Unspecified | NA         |
| Vcco15    |       1.500 |     0.000 |       0.000 |      0.000 |       NA    | Unspecified | NA         |
| Vcco135   |       1.350 |     0.000 |       0.000 |      0.000 |       NA    | Unspecified | NA         |
| Vcco12    |       1.200 |     0.000 |       0.000 |      0.000 |       NA    | Unspecified | NA         |
| Vccaux_io |       1.800 |     0.000 |       0.000 |      0.000 |       NA    | Unspecified | NA         |
| Vccbram   |       1.000 |     0.002 |       0.001 |      0.002 |       NA    | Unspecified | NA         |
| MGTAVcc   |       1.000 |     0.000 |       0.000 |      0.000 |       NA    | Unspecified | NA         |
| MGTAVtt   |       1.200 |     0.000 |       0.000 |      0.000 |       NA    | Unspecified | NA         |
| MGTVccaux |       1.800 |     0.000 |       0.000 |      0.000 |       NA    | Unspecified | NA         |
| Vccpint   |       1.000 |     0.686 |       0.653 |      0.034 |       NA    | Unspecified | NA         |
| Vccpaux   |       1.800 |     0.036 |       0.026 |      0.010 |       NA    | Unspecified | NA         |
| Vccpll    |       1.800 |     0.017 |       0.014 |      0.003 |       NA    | Unspecified | NA         |
| Vcco_ddr  |       1.500 |     0.354 |       0.352 |      0.002 |       NA    | Unspecified | NA         |
| Vcco_mio0 |       3.300 |     0.003 |       0.002 |      0.001 |       NA    | Unspecified | NA         |
| Vcco_mio1 |       1.800 |     0.003 |       0.002 |      0.001 |       NA    | Unspecified | NA         |
| Vccadc    |       1.800 |     0.020 |       0.000 |      0.020 |       NA    | Unspecified | NA         |
+-----------+-------------+-----------+-------------+------------+-------------+-------------+------------+


1.3 Confidence Level
--------------------

+-----------------------------+------------+--------------------------------------------------------+--------------------------------------------------------------------------------------------------------------------+
| User Input Data             | Confidence | Details                                                | Action                                                                                                             |
+-----------------------------+------------+--------------------------------------------------------+--------------------------------------------------------------------------------------------------------------------+
| Design implementation state | High       | Design is routed                                       |                                                                                                                    |
| Clock nodes activity        | Medium     | More than 5% of clocks are missing user specification  | Provide missing clock activity with a constraint file, simulation results or by editing the "By Clock Domain" view |
| I/O nodes activity          | Low        | More than 75% of inputs are missing user specification | Provide missing input activity with simulation results or by editing the "By Resource Type -> I/Os" view           |
| Internal nodes activity     | Medium     | User specified less than 25% of internal nodes         | Provide missing internal nodes activity with simulation results or by editing the "By Resource Type" views         |
| Device models               | High       | Device models are Production                           |                                                                                                                    |
|                             |            |                                                        |                                                                                                                    |
| Overall confidence level    | Low        |                                                        |                                                                                                                    |
+-----------------------------+------------+--------------------------------------------------------+--------------------------------------------------------------------------------------------------------------------+


2. Settings
-----------

2.1 Environment
---------------

+-----------------------+------------------------+
| Ambient Temp (C)      | 25.0                   |
| ThetaJA (C/W)         | 11.5                   |
| Airflow (LFM)         | 250                    |
| Heat Sink             | none                   |
| ThetaSA (C/W)         | 0.0                    |
| Board Selection       | medium (10"x10")       |
| # of Board Layers     | 8to11 (8 to 11 Layers) |
| Board Temperature (C) | 25.0                   |
+-----------------------+------------------------+


2.2 Clock Constraints
---------------------

+----------------------------------------+---------------------------------------------------------------------------------------------------+-----------------+
| Clock                                  | Domain                                                                                            | Constraint (ns) |
+----------------------------------------+---------------------------------------------------------------------------------------------------+-----------------+
| CLKFBIN                                | video_out_pynq_z2_i/rgb2dvi_0/U0/ClockGenInternal.ClockGenX/CLKFBIN                               |            13.5 |
| PixelClkIO                             | video_out_pynq_z2_i/rgb2dvi_0/U0/ClockGenInternal.ClockGenX/PixelClk                              |            13.5 |
| SerialClkIO                            | video_out_pynq_z2_i/rgb2dvi_0/U0/ClockGenInternal.ClockGenX/SerialClk                             |             2.7 |
| clk_fpga_0                             | video_out_pynq_z2_i/processing_system7_0/inst/FCLK_CLK0                                           |            10.0 |
| clk_fpga_0                             | video_out_pynq_z2_i/processing_system7_0/inst/FCLK_CLK_unbuffered[0]                              |            10.0 |
| clk_fpga_1                             | video_out_pynq_z2_i/processing_system7_0/inst/FCLK_CLK_unbuffered[1]                              |             5.0 |
| clk_out1_video_out_pynq_z2_clk_wiz_0_0 | video_out_pynq_z2_i/clk_wiz_0/inst/CLK_CORE_DRP_I/clk_inst/clk_out1_video_out_pynq_z2_clk_wiz_0_0 |            13.5 |
| clkfbout_video_out_pynq_z2_clk_wiz_0_0 | video_out_pynq_z2_i/clk_wiz_0/inst/CLK_CORE_DRP_I/clk_inst/clkfbout_video_out_pynq_z2_clk_wiz_0_0 |            40.0 |
+----------------------------------------+---------------------------------------------------------------------------------------------------+-----------------+


3. Detailed Reports
-------------------

3.1 By Hierarchy
----------------

+---------------------------+-----------+
| Name                      | Power (W) |
+---------------------------+-----------+
| video_out_pynq_z2_wrapper |     1.814 |
|   video_out_pynq_z2_i     |     1.814 |
|     axi_gpio_3            |     0.001 |
|       U0                  |     0.001 |
|     axis_data_fifo_0      |     0.008 |
|       inst                |     0.008 |
|     clk_wiz_0             |     0.123 |
|       inst                |     0.123 |
|     dvi2rgb_0             |     0.106 |
|       U0                  |     0.106 |
|     processing_system7_0  |     1.262 |
|       inst                |     1.262 |
|     rgb2dvi_0             |     0.271 |
|       U0                  |     0.271 |
|     smartconnect_0        |     0.009 |
|       inst                |     0.009 |
|     v_axi4s_vid_out_0     |     0.003 |
|       inst                |     0.003 |
|     v_tc_0                |     0.011 |
|       U0                  |     0.011 |
|     v_vid_in_axi4s_0      |     0.002 |
|       inst                |     0.002 |
|     video_gray_live_0     |     0.013 |
|       inst                |     0.013 |
+---------------------------+-----------+


