

================================================================
== Synthesis Summary Report of 'video_gray_live'
================================================================
+ General Information: 
    * Date:           Sat May  9 01:12:13 2026
    * Version:        2023.2 (Build 4023990 on Oct 11 2023)
    * Project:        video_gray_live_prj
    * Solution:       solution1 (Vivado IP Flow Target)
    * Product family: zynq
    * Target device:  xc7z020-clg400-1
    

+ Performance & Resource Estimates: 
    
    PS: '+' for module; 'o' for loop; '*' for dataflow
    +--------------------+--------+-------+---------+--------+----------+---------+------+----------+------+----+-----------+-----------+-----+
    |       Modules      |  Issue |       | Latency | Latency| Iteration|         | Trip |          |      |    |           |           |     |
    |       & Loops      |  Type  | Slack | (cycles)|  (ns)  |  Latency | Interval| Count| Pipelined| BRAM | DSP|     FF    |    LUT    | URAM|
    +--------------------+--------+-------+---------+--------+----------+---------+------+----------+------+----+-----------+-----------+-----+
    |+ video_gray_live   |  Timing|  -5.58|        -|       -|         -|        -|     -|        no|     -|   -|  180 (~0%)|  1591 (2%)|    -|
    | o VITIS_LOOP_46_1  |       -|   7.30|        -|       -|         2|        1|     -|       yes|     -|   -|          -|          -|    -|
    +--------------------+--------+-------+---------+--------+----------+---------+------+----------+------+----+-----------+-----------+-----+


================================================================
== HW Interfaces
================================================================
* AXIS
+------------+-----------+---------------+-------+-------+-----+-------+-------+--------+-------+-------+--------+
| Interface  | Direction | Register Mode | TDATA | TDEST | TID | TKEEP | TLAST | TREADY | TSTRB | TUSER | TVALID |
+------------+-----------+---------------+-------+-------+-----+-------+-------+--------+-------+-------+--------+
| in_stream  | in        | both          | 24    | 1     | 1   | 3     | 1     | 1      | 3     | 1     | 1      |
| out_stream | out       | both          | 24    | 1     | 1   | 3     | 1     | 1      | 3     | 1     | 1      |
+------------+-----------+---------------+-------+-------+-----+-------+-------+--------+-------+-------+--------+

* Other Ports
+------------------+---------+-----------+----------+
| Port             | Mode    | Direction | Bitwidth |
+------------------+---------+-----------+----------+
| motion_count_out | ap_none | out       | 32       |
+------------------+---------+-----------+----------+

* TOP LEVEL CONTROL
+-----------+--------------+----------+
| Interface | Type         | Ports    |
+-----------+--------------+----------+
| ap_clk    | clock        | ap_clk   |
| ap_rst_n  | reset        | ap_rst_n |
| ap_ctrl   | ap_ctrl_none |          |
+-----------+--------------+----------+


================================================================
== SW I/O Information
================================================================
* Top Function Arguments
+------------------+-----------+---------------------------------------------------------+
| Argument         | Direction | Datatype                                                |
+------------------+-----------+---------------------------------------------------------+
| in_stream        | in        | stream<hls::axis<ap_uint<24>, 1, 1, 1, '8', false>, 0>& |
| out_stream       | out       | stream<hls::axis<ap_uint<24>, 1, 1, 1, '8', false>, 0>& |
| motion_count_out | out       | pointer                                                 |
+------------------+-----------+---------------------------------------------------------+

* SW-to-HW Mapping
+------------------+------------------+-----------+
| Argument         | HW Interface     | HW Type   |
+------------------+------------------+-----------+
| in_stream        | in_stream        | interface |
| out_stream       | out_stream       | interface |
| motion_count_out | motion_count_out | port      |
+------------------+------------------+-----------+


================================================================
== Bind Op Report
================================================================
+-----------------------+-----+--------+-----------+-----+--------+---------+
| Name                  | DSP | Pragma | Variable  | Op  | Impl   | Latency |
+-----------------------+-----+--------+-----------+-----+--------+---------+
| + video_gray_live     | 0   |        |           |     |        |         |
|   add_ln99_fu_707_p2  |     |        | add_ln99  | add | fabric | 0       |
|   add_ln108_fu_559_p2 |     |        | add_ln108 | add | fabric | 0       |
|   add_ln134_fu_600_p2 |     |        | add_ln134 | add | fabric | 0       |
|   add_ln131_fu_624_p2 |     |        | add_ln131 | add | fabric | 0       |
+-----------------------+-----+--------+-----------+-----+--------+---------+


================================================================
== Storage Report
================================================================
+-------------------+--------+------+------+------+--------+------------+--------+---------+------------------+
| Name              | Usage  | Type | BRAM | URAM | Pragma | Variable   | Impl   | Latency | Bitwidth, Depth, |
|                   |        |      |      |      |        |            |        |         | Banks            |
+-------------------+--------+------+------+------+--------+------------+--------+---------+------------------+
| + video_gray_live |        |      | 0    | 0    |        |            |        |         |                  |
|   prev_frame_U    | ram_2p |      |      |      | pragma | prev_frame | lutram | 1       | 1, 57600, 1      |
+-------------------+--------+------+------+------+--------+------------+--------+---------+------------------+


================================================================
== Pragma Report
================================================================
* Valid Pragma Syntax
+--------------+---------------------------------------------+-------------------------------------------------------------+
| Type         | Options                                     | Location                                                    |
+--------------+---------------------------------------------+-------------------------------------------------------------+
| interface    | axis port=in_stream                         | video_gray_live.cpp:25 in video_gray_live, in_stream        |
| interface    | axis port=out_stream                        | video_gray_live.cpp:26 in video_gray_live, out_stream       |
| interface    | ap_none port=motion_count_out               | video_gray_live.cpp:27 in video_gray_live, motion_count_out |
| interface    | ap_ctrl_none port=return                    | video_gray_live.cpp:28 in video_gray_live, return           |
| bind_storage | variable=prev_frame type=ram_2p impl=lutram | video_gray_live.cpp:31 in video_gray_live, prev_frame       |
| pipeline     | II=1                                        | video_gray_live.cpp:47 in video_gray_live                   |
+--------------+---------------------------------------------+-------------------------------------------------------------+


