

================================================================
== Vitis HLS Report for 'video_gray_live'
================================================================
* Date:           Sat May  9 01:12:13 2026

* Version:        2023.2 (Build 4023990 on Oct 11 2023)
* Project:        video_gray_live_prj
* Solution:       solution1 (Vivado IP Flow Target)
* Product family: zynq
* Target device:  xc7z020-clg400-1


================================================================
== Performance Estimates
================================================================
+ Timing: 
    * Summary: 
    +--------+----------+-----------+------------+
    |  Clock |  Target  | Estimated | Uncertainty|
    +--------+----------+-----------+------------+
    |ap_clk  |  10.00 ns|  12.880 ns|     2.70 ns|
    +--------+----------+-----------+------------+

+ Latency: 
    * Summary: 
    +---------+---------+----------+----------+-----+-----+---------+
    |  Latency (cycles) |  Latency (absolute) |  Interval | Pipeline|
    |   min   |   max   |    min   |    max   | min | max |   Type  |
    +---------+---------+----------+----------+-----+-----+---------+
    |        ?|        ?|         ?|         ?|    ?|    ?|       no|
    +---------+---------+----------+----------+-----+-----+---------+

    + Detail: 
        * Instance: 
        N/A

        * Loop: 
        +-------------------+---------+---------+----------+-----------+-----------+------+----------+
        |                   |  Latency (cycles) | Iteration|  Initiation Interval  | Trip |          |
        |     Loop Name     |   min   |   max   |  Latency |  achieved |   target  | Count| Pipelined|
        +-------------------+---------+---------+----------+-----------+-----------+------+----------+
        |- VITIS_LOOP_46_1  |        ?|        ?|         2|          1|          1|   inf|       yes|
        +-------------------+---------+---------+----------+-----------+-----------+------+----------+



================================================================
== Utilization Estimates
================================================================
* Summary: 
+-----------------+---------+-----+--------+-------+-----+
|       Name      | BRAM_18K| DSP |   FF   |  LUT  | URAM|
+-----------------+---------+-----+--------+-------+-----+
|DSP              |        -|    -|       -|      -|    -|
|Expression       |        -|    -|       0|    292|    -|
|FIFO             |        -|    -|       -|      -|    -|
|Instance         |        -|    -|       -|      -|    -|
|Memory           |        -|    -|       1|    900|    -|
|Multiplexer      |        -|    -|       -|    397|    -|
|Register         |        -|    -|     179|      -|    -|
+-----------------+---------+-----+--------+-------+-----+
|Total            |        0|    0|     180|   1589|    0|
+-----------------+---------+-----+--------+-------+-----+
|Available        |      280|  220|  106400|  53200|    0|
+-----------------+---------+-----+--------+-------+-----+
|Utilization (%)  |        0|    0|      ~0|      2|    0|
+-----------------+---------+-----+--------+-------+-----+

+ Detail: 
    * Instance: 
    N/A

    * DSP: 
    N/A

    * Memory: 
    +--------------+-------------------------------+---------+---+-----+-----+-------+-----+------+-------------+
    |    Memory    |             Module            | BRAM_18K| FF| LUT | URAM| Words | Bits| Banks| W*Bits*Banks|
    +--------------+-------------------------------+---------+---+-----+-----+-------+-----+------+-------------+
    |prev_frame_U  |prev_frame_RAM_2P_LUTRAM_1R1W  |        0|  1|  900|    0|  57600|    1|     1|        57600|
    +--------------+-------------------------------+---------+---+-----+-----+-------+-----+------+-------------+
    |Total         |                               |        0|  1|  900|    0|  57600|    1|     1|        57600|
    +--------------+-------------------------------+---------+---+-----+-----+-------+-----+------+-------------+

    * FIFO: 
    N/A

    * Expression: 
    +----------------------------------+----------+----+---+----+------------+------------+
    |           Variable Name          | Operation| DSP| FF| LUT| Bitwidth P0| Bitwidth P1|
    +----------------------------------+----------+----+---+----+------------+------------+
    |add_ln108_fu_559_p2               |         +|   0|  0|  23|          16|           1|
    |add_ln131_fu_624_p2               |         +|   0|  0|  13|          10|           1|
    |add_ln134_fu_600_p2               |         +|   0|  0|  12|          11|           1|
    |add_ln99_fu_707_p2                |         +|   0|  0|  23|          16|           1|
    |and_ln69_fu_656_p2                |       and|   0|  0|   2|           1|           1|
    |ap_condition_151                  |       and|   0|  0|   2|           1|           1|
    |ap_condition_188                  |       and|   0|  0|   2|           1|           1|
    |ap_condition_249                  |       and|   0|  0|   2|           1|           1|
    |ap_condition_631                  |       and|   0|  0|   2|           1|           1|
    |ap_condition_635                  |       and|   0|  0|   2|           1|           1|
    |ap_condition_641                  |       and|   0|  0|   2|           1|           1|
    |ap_condition_645                  |       and|   0|  0|   2|           1|           1|
    |ap_condition_652                  |       and|   0|  0|   2|           1|           1|
    |ap_condition_657                  |       and|   0|  0|   2|           1|           1|
    |curr_bin_fu_509_p2                |      icmp|   0|  0|  15|           8|           7|
    |grp_fu_378_p2                     |      icmp|   0|  0|  12|          11|          10|
    |icmp_ln105_fu_553_p2              |      icmp|   0|  0|  23|          16|          14|
    |icmp_ln117_fu_594_p2              |      icmp|   0|  0|  12|          11|          11|
    |icmp_ln119_fu_618_p2              |      icmp|   0|  0|  13|          10|          10|
    |icmp_ln65_1_fu_538_p2             |      icmp|   0|  0|  10|           2|           1|
    |icmp_ln65_fu_528_p2               |      icmp|   0|  0|  10|           2|           1|
    |icmp_ln73_fu_662_p2               |      icmp|   0|  0|  13|          10|           8|
    |icmp_ln81_fu_674_p2               |      icmp|   0|  0|  13|          10|           9|
    |icmp_ln90_fu_668_p2               |      icmp|   0|  0|  12|          11|           9|
    |ap_block_pp0_stage0_01001         |        or|   0|  0|   2|           1|           1|
    |ap_block_pp0_stage0_11001         |        or|   0|  0|   2|           1|           1|
    |ap_block_state2_pp0_stage0_iter0  |        or|   0|  0|   2|           1|           1|
    |or_ln100_fu_730_p2                |        or|   0|  0|   9|           9|           9|
    |region_idx_fu_680_p3              |    select|   0|  0|   5|           1|           3|
    |select_ln105_fu_565_p3            |    select|   0|  0|  16|           1|           1|
    |select_ln62_fu_516_p3             |    select|   0|  0|   2|           1|           2|
    |select_ln70_1_cast_fu_689_p3      |    select|   0|  0|   3|           1|           3|
    |select_ln70_cast_fu_698_p3        |    select|   0|  0|   2|           1|           1|
    |shl_ln100_fu_724_p2               |       shl|   0|  0|  19|           1|           9|
    |ap_enable_pp0                     |       xor|   0|  0|   2|           1|           2|
    |xor_ln67_1_fu_651_p2              |       xor|   0|  0|   2|           1|           1|
    |xor_ln67_fu_645_p2                |       xor|   0|  0|   2|           1|           2|
    +----------------------------------+----------+----+---+----+------------+------------+
    |Total                             |          |   0|  0| 292|         175|         130|
    +----------------------------------+----------+----+---+----+------------+------------+

    * Multiplexer: 
    +-------------------------------------------------------+----+-----------+-----+-----------+
    |                          Name                         | LUT| Input Size| Bits| Total Bits|
    +-------------------------------------------------------+----+-----------+-----+-----------+
    |addr                                                   |   9|          2|   16|         32|
    |ap_NS_fsm                                              |  14|          3|    1|          3|
    |ap_enable_reg_pp0_iter1                                |   9|          2|    1|          2|
    |ap_phi_mux_empty_12_phi_fu_267_p4                      |  14|          3|   11|         33|
    |ap_phi_mux_motion_count_accum_loc_2_phi_fu_333_p4      |  14|          3|   16|         48|
    |ap_phi_mux_motion_count_accum_loc_3_phi_fu_353_p6      |  14|          3|   16|         48|
    |ap_phi_mux_region_idx_1_phi_fu_313_p12                 |  37|          7|    4|         28|
    |ap_phi_mux_region_mask_accum_loc_2_phi_fu_343_p4       |  14|          3|    9|         27|
    |ap_phi_mux_region_mask_accum_loc_3_phi_fu_367_p6       |  14|          3|    9|         27|
    |ap_phi_mux_y_loc_1_phi_fu_256_p4                       |  14|          3|   10|         30|
    |ap_phi_mux_y_loc_3_phi_fu_278_p6                       |  20|          4|   10|         40|
    |ap_phi_reg_pp0_iter1_motion_count_accum_loc_1_reg_288  |  14|          3|   16|         48|
    |ap_phi_reg_pp0_iter1_region_mask_accum_loc_1_reg_299   |  14|          3|    9|         27|
    |ap_sig_allocacmp_addr_load                             |   9|          2|   16|         32|
    |ap_sig_allocacmp_motion_count_accum_loc_0_load         |   9|          2|   16|         32|
    |ap_sig_allocacmp_motion_count_latched_load             |  14|          3|   16|         48|
    |ap_sig_allocacmp_region_mask_accum_loc_0_load          |   9|          2|    9|         18|
    |ap_sig_allocacmp_region_mask_latched_load              |  14|          3|    9|         27|
    |empty_12_reg_264                                       |  14|          3|   11|         33|
    |first_frame_loc_0_fu_170                               |   9|          2|    1|          2|
    |in_stream_TDATA_blk_n                                  |   9|          2|    1|          2|
    |motion_count_accum                                     |   9|          2|   16|         32|
    |motion_count_accum_loc_0_fu_178                        |   9|          2|   16|         32|
    |motion_count_latched                                   |   9|          2|   16|         32|
    |out_stream_TDATA_blk_n                                 |   9|          2|    1|          2|
    |region_mask_accum                                      |   9|          2|    9|         18|
    |region_mask_accum_loc_0_fu_174                         |   9|          2|    9|         18|
    |region_mask_latched                                    |   9|          2|    9|         18|
    |x                                                      |  14|          3|   11|         33|
    |y                                                      |   9|          2|   10|         20|
    |y_loc_0_fu_182                                         |   9|          2|   10|         20|
    |y_loc_1_reg_253                                        |  14|          3|   10|         30|
    +-------------------------------------------------------+----+-----------+-----+-----------+
    |Total                                                  | 397|         85|  324|        842|
    +-------------------------------------------------------+----+-----------+-----+-----------+

    * Register: 
    +-------------------------------------------------------+----+----+-----+-----------+
    |                          Name                         | FF | LUT| Bits| Const Bits|
    +-------------------------------------------------------+----+----+-----+-----------+
    |addr                                                   |  16|   0|   16|          0|
    |ap_CS_fsm                                              |   2|   0|    2|          0|
    |ap_enable_reg_pp0_iter0                                |   1|   0|    1|          0|
    |ap_enable_reg_pp0_iter1                                |   1|   0|    1|          0|
    |ap_phi_reg_pp0_iter1_motion_count_accum_loc_1_reg_288  |  16|   0|   16|          0|
    |ap_phi_reg_pp0_iter1_region_mask_accum_loc_1_reg_299   |   9|   0|    9|          0|
    |curr_bin_reg_883                                       |   1|   0|    1|          0|
    |empty_12_reg_264                                       |  11|   0|   11|          0|
    |first_frame                                            |   1|   0|    1|          0|
    |first_frame_loc_0_fu_170                               |   1|   0|    1|          0|
    |icmp_ln117_reg_906                                     |   1|   0|    1|          0|
    |icmp_ln119_reg_910                                     |   1|   0|    1|          0|
    |icmp_ln65_1_reg_892                                    |   1|   0|    1|          0|
    |icmp_ln65_reg_888                                      |   1|   0|    1|          0|
    |motion_count_accum                                     |  16|   0|   16|          0|
    |motion_count_accum_loc_0_fu_178                        |  16|   0|   16|          0|
    |motion_count_latched                                   |  16|   0|   16|          0|
    |region_mask_accum                                      |   9|   0|    9|          0|
    |region_mask_accum_loc_0_fu_174                         |   9|   0|    9|          0|
    |region_mask_latched                                    |   9|   0|    9|          0|
    |x                                                      |  11|   0|   11|          0|
    |y                                                      |  10|   0|   10|          0|
    |y_loc_0_fu_182                                         |  10|   0|   10|          0|
    |y_loc_1_reg_253                                        |  10|   0|   10|          0|
    +-------------------------------------------------------+----+----+-----+-----------+
    |Total                                                  | 179|   0|  179|          0|
    +-------------------------------------------------------+----+----+-----+-----------+



================================================================
== Interface
================================================================
* Summary: 
+-------------------+-----+-----+--------------+---------------------+--------------+
|     RTL Ports     | Dir | Bits|   Protocol   |    Source Object    |    C Type    |
+-------------------+-----+-----+--------------+---------------------+--------------+
|ap_clk             |   in|    1|  ap_ctrl_none|      video_gray_live|  return value|
|ap_rst_n           |   in|    1|  ap_ctrl_none|      video_gray_live|  return value|
|in_stream_TDATA    |   in|   24|          axis|   in_stream_V_data_V|       pointer|
|in_stream_TVALID   |   in|    1|          axis|   in_stream_V_dest_V|       pointer|
|in_stream_TREADY   |  out|    1|          axis|   in_stream_V_dest_V|       pointer|
|in_stream_TDEST    |   in|    1|          axis|   in_stream_V_dest_V|       pointer|
|in_stream_TKEEP    |   in|    3|          axis|   in_stream_V_keep_V|       pointer|
|in_stream_TSTRB    |   in|    3|          axis|   in_stream_V_strb_V|       pointer|
|in_stream_TUSER    |   in|    1|          axis|   in_stream_V_user_V|       pointer|
|in_stream_TLAST    |   in|    1|          axis|   in_stream_V_last_V|       pointer|
|in_stream_TID      |   in|    1|          axis|     in_stream_V_id_V|       pointer|
|out_stream_TDATA   |  out|   24|          axis|  out_stream_V_data_V|       pointer|
|out_stream_TVALID  |  out|    1|          axis|  out_stream_V_dest_V|       pointer|
|out_stream_TREADY  |   in|    1|          axis|  out_stream_V_dest_V|       pointer|
|out_stream_TDEST   |  out|    1|          axis|  out_stream_V_dest_V|       pointer|
|out_stream_TKEEP   |  out|    3|          axis|  out_stream_V_keep_V|       pointer|
|out_stream_TSTRB   |  out|    3|          axis|  out_stream_V_strb_V|       pointer|
|out_stream_TUSER   |  out|    1|          axis|  out_stream_V_user_V|       pointer|
|out_stream_TLAST   |  out|    1|          axis|  out_stream_V_last_V|       pointer|
|out_stream_TID     |  out|    1|          axis|    out_stream_V_id_V|       pointer|
|motion_count_out   |  out|   32|       ap_none|     motion_count_out|       pointer|
+-------------------+-----+-----+--------------+---------------------+--------------+

