ECHO is off.
ECHO is off.
INFO: [HLS 200-10] Running 'C:/Xilinx_vitis/Vitis_HLS/2023.2/bin/unwrapped/win64.o/vitis_hls.exe'
INFO: [HLS 200-10] For user 'nicho' on host 'nicholas' (Windows NT_amd64 version 6.2) on Sat May 09 01:13:10 -0400 2026
INFO: [HLS 200-10] In directory 'C:/selected_topics_hdmi/pyzq/hw/hls_gray_ip'
INFO: [HLS 200-2053] The vitis_hls executable is being deprecated. Consider using vitis-run --mode hls --tcl
Sourcing Tcl script 'C:/selected_topics_hdmi/pyzq/hw/hls_gray_ip/video_gray_live_prj/solution1/export.tcl'
INFO: [HLS 200-1510] Running: source C:/selected_topics_hdmi/pyzq/hw/hls_gray_ip/video_gray_live_prj/solution1/export.tcl
INFO: [HLS 200-1510] Running: open_project video_gray_live_prj 
INFO: [HLS 200-10] Opening project 'C:/selected_topics_hdmi/pyzq/hw/hls_gray_ip/video_gray_live_prj'.
INFO: [HLS 200-1510] Running: set_top video_gray_live 
INFO: [HLS 200-1510] Running: add_files video_gray_live.cpp 
INFO: [HLS 200-10] Adding design file 'video_gray_live.cpp' to the project
INFO: [HLS 200-1510] Running: open_solution solution1 -flow_target vivado 
INFO: [HLS 200-10] Opening solution 'C:/selected_topics_hdmi/pyzq/hw/hls_gray_ip/video_gray_live_prj/solution1'.
INFO: [SYN 201-201] Setting up clock 'default' with a period of 10ns.
INFO: [HLS 200-1611] Setting target device to 'xc7z020-clg400-1'
INFO: [HLS 200-1505] Using flow_target 'vivado'
Resolution: For help on HLS 200-1505 see docs.xilinx.com/access/sources/dita/topic?Doc_Version=2023.2%20English&url=ug1448-hls-guidance&resourceid=200-1505.html
INFO: [HLS 200-1464] Running solution command: config_export -format=ip_catalog
INFO: [HLS 200-1464] Running solution command: config_export -output=C:/selected_topics_hdmi/pyzq/hw/hls_gray_ip/hls_export
INFO: [HLS 200-1464] Running solution command: config_export -rtl=verilog
INFO: [HLS 200-1510] Running: set_part xc7z020-clg400-1 
INFO: [HLS 200-1510] Running: create_clock -period 10 -name default 
INFO: [HLS 200-1510] Running: config_export -format ip_catalog -output C:/selected_topics_hdmi/pyzq/hw/hls_gray_ip/hls_export -rtl verilog 
INFO: [HLS 200-1510] Running: source ./video_gray_live_prj/solution1/directives.tcl
INFO: [HLS 200-1510] Running: set_directive_top -name video_gray_live video_gray_live 
INFO: [HLS 200-1510] Running: export_design -rtl verilog -format ip_catalog -output C:/selected_topics_hdmi/pyzq/hw/hls_gray_ip/hls_export 
INFO: [IMPL 213-8] Exporting RTL as a Vivado IP.
ECHO is off.
ECHO is off.

****** Vivado v2023.2 (64-bit)
  **** SW Build 4029153 on Fri Oct 13 20:14:34 MDT 2023
  **** IP Build 4028589 on Sat Oct 14 00:45:43 MDT 2023
  **** SharedData Build 4025554 on Tue Oct 10 17:18:54 MDT 2023
    ** Copyright 1986-2022 Xilinx, Inc. All Rights Reserved.
    ** Copyright 2022-2023 Advanced Micro Devices, Inc. All Rights Reserved.

source run_ippack.tcl -notrace
INFO: [IP_Flow 19-234] Refreshing IP repositories
INFO: [IP_Flow 19-1704] No user IP repositories specified
INFO: [IP_Flow 19-2313] Loaded Vivado IP repository 'C:/Xilinx_vitis/Vivado/2023.2/data/ip'.
INFO: [Common 17-206] Exiting Vivado at Sat May  9 01:13:18 2026...
INFO: [HLS 200-802] Generated output file hls_export/export.zip
INFO: [HLS 200-111] Finished Command export_design CPU user time: 0 seconds. CPU system time: 0 seconds. Elapsed time: 7.282 seconds; current allocated memory: 7.477 MB.
INFO: [HLS 200-112] Total CPU user time: 1 seconds. Total CPU system time: 1 seconds. Total elapsed time: 8.03 seconds; peak allocated memory: 116.965 MB.
