

================================================================
== Vitis HLS Report for 'gbt24_Pipeline_Row_Loop_Col_Loop'
================================================================
* Date:           Thu Apr 16 23:17:18 2026

* Version:        2023.2 (Build 4023990 on Oct 11 2023)
* Project:        gbt24
* Solution:       solution1 (Vivado IP Flow Target)
* Product family: zynq
* Target device:  xc7z020-clg400-1


================================================================
== Performance Estimates
================================================================
+ Timing: 
    * Summary: 
    +--------+----------+----------+------------+
    |  Clock |  Target  | Estimated| Uncertainty|
    +--------+----------+----------+------------+
    |ap_clk  |  13.50 ns|  9.330 ns|     3.64 ns|
    +--------+----------+----------+------------+

+ Latency: 
    * Summary: 
    +---------+---------+----------+----------+-----+-----+---------+
    |  Latency (cycles) |  Latency (absolute) |  Interval | Pipeline|
    |   min   |   max   |    min   |    max   | min | max |   Type  |
    +---------+---------+----------+----------+-----+-----+---------+
    |        ?|        ?|         ?|         ?|    ?|    ?|       no|
    +---------+---------+----------+----------+-----+-----+---------+

    + Detail: 
        * Instance: 
        N/A

        * Loop: 
        +---------------------+---------+---------+----------+-----------+-----------+------+----------+
        |                     |  Latency (cycles) | Iteration|  Initiation Interval  | Trip |          |
        |      Loop Name      |   min   |   max   |  Latency |  achieved |   target  | Count| Pipelined|
        +---------------------+---------+---------+----------+-----------+-----------+------+----------+
        |- Row_Loop_Col_Loop  |        ?|        ?|         5|          1|          1|     ?|       yes|
        +---------------------+---------+---------+----------+-----------+-----------+------+----------+



================================================================
== Utilization Estimates
================================================================
* Summary: 
+-----------------+---------+-----+--------+-------+-----+
|       Name      | BRAM_18K| DSP |   FF   |  LUT  | URAM|
+-----------------+---------+-----+--------+-------+-----+
|DSP              |        -|    2|       -|      -|    -|
|Expression       |        -|    -|       0|    201|    -|
|FIFO             |        -|    -|       -|      -|    -|
|Instance         |        -|    0|       0|     51|    -|
|Memory           |        -|    -|       -|      -|    -|
|Multiplexer      |        -|    -|       -|     77|    -|
|Register         |        -|    -|     678|    224|    -|
+-----------------+---------+-----+--------+-------+-----+
|Total            |        0|    2|     678|    553|    0|
+-----------------+---------+-----+--------+-------+-----+
|Available        |      280|  220|  106400|  53200|    0|
+-----------------+---------+-----+--------+-------+-----+
|Utilization (%)  |        0|   ~0|      ~0|      1|    0|
+-----------------+---------+-----+--------+-------+-----+

+ Detail: 
    * Instance: 
    +-----------------------+--------------------+---------+----+---+----+-----+
    |        Instance       |       Module       | BRAM_18K| DSP| FF| LUT| URAM|
    +-----------------------+--------------------+---------+----+---+----+-----+
    |mul_8ns_9ns_16_1_1_U1  |mul_8ns_9ns_16_1_1  |        0|   0|  0|  51|    0|
    +-----------------------+--------------------+---------+----+---+----+-----+
    |Total                  |                    |        0|   0|  0|  51|    0|
    +-----------------------+--------------------+---------+----+---+----+-----+

    * DSP: 
    +-----------------------------------+--------------------------------+--------------+
    |              Instance             |             Module             |  Expression  |
    +-----------------------------------+--------------------------------+--------------+
    |mac_muladd_8ns_5ns_16ns_16_4_1_U3  |mac_muladd_8ns_5ns_16ns_16_4_1  |  i0 + i1 * i2|
    |mac_muladd_8ns_7ns_16ns_16_4_1_U2  |mac_muladd_8ns_7ns_16ns_16_4_1  |  i0 + i1 * i2|
    +-----------------------------------+--------------------------------+--------------+

    * Memory: 
    N/A

    * FIFO: 
    N/A

    * Expression: 
    +----------------------------------+----------+----+---+----+------------+------------+
    |           Variable Name          | Operation| DSP| FF| LUT| Bitwidth P0| Bitwidth P1|
    +----------------------------------+----------+----+---+----+------------+------------+
    |add_ln32_fu_192_p2                |         +|   0|  0|  71|          64|           1|
    |ap_block_state2_pp0_stage0_iter1  |       and|   0|  0|   2|           1|           1|
    |ap_condition_216                  |       and|   0|  0|   2|           1|           1|
    |ap_predicate_pred205_state6       |       and|   0|  0|   2|           1|           1|
    |icmp_ln32_fu_187_p2               |      icmp|   0|  0|  71|          64|          64|
    |icmp_ln59_fu_295_p2               |      icmp|   0|  0|  39|          32|          32|
    |ap_block_pp0_stage0_01001         |        or|   0|  0|   2|           1|           1|
    |ap_block_pp0_stage0_11001         |        or|   0|  0|   2|           1|           1|
    |select_ln59_fu_306_p3             |    select|   0|  0|   2|           1|           2|
    |select_ln60_1_fu_322_p3           |    select|   0|  0|   2|           1|           2|
    |select_ln60_fu_314_p3             |    select|   0|  0|   2|           1|           2|
    |ap_enable_pp0                     |       xor|   0|  0|   2|           1|           2|
    |outv_fu_300_p2                    |       xor|   0|  0|   2|           1|           2|
    +----------------------------------+----------+----+---+----+------------+------------+
    |Total                             |          |   0|  0| 201|         170|         112|
    +----------------------------------+----------+----+---+----+------------+------------+

    * Multiplexer: 
    +---------------------------------------------+----+-----------+-----+-----------+
    |                     Name                    | LUT| Input Size| Bits| Total Bits|
    +---------------------------------------------+----+-----------+-----+-----------+
    |ap_done_int                                  |   9|          2|    1|          2|
    |ap_enable_reg_pp0_iter1                      |   9|          2|    1|          2|
    |ap_enable_reg_pp0_iter2                      |   9|          2|    1|          2|
    |ap_phi_mux_out_pix_data_2_phi_fu_170_p6      |  14|          3|   24|         72|
    |ap_phi_reg_pp0_iter2_out_pix_data_2_reg_167  |   9|          2|   24|         48|
    |indvar_flatten_fu_102                        |   9|          2|   64|        128|
    |m_axis_video_TDATA_blk_n                     |   9|          2|    1|          2|
    |s_axis_video_TDATA_blk_n                     |   9|          2|    1|          2|
    +---------------------------------------------+----+-----------+-----+-----------+
    |Total                                        |  77|         17|  117|        258|
    +---------------------------------------------+----+-----------+-----+-----------+

    * Register: 
    +---------------------------------------------+----+----+-----+-----------+
    |                     Name                    | FF | LUT| Bits| Const Bits|
    +---------------------------------------------+----+----+-----+-----------+
    |ap_CS_fsm                                    |   1|   0|    1|          0|
    |ap_done_reg                                  |   1|   0|    1|          0|
    |ap_enable_reg_pp0_iter1                      |   1|   0|    1|          0|
    |ap_enable_reg_pp0_iter2                      |   1|   0|    1|          0|
    |ap_enable_reg_pp0_iter3                      |   1|   0|    1|          0|
    |ap_enable_reg_pp0_iter4                      |   1|   0|    1|          0|
    |ap_enable_reg_pp0_iter5                      |   1|   0|    1|          0|
    |ap_loop_exit_ready_pp0_iter2_reg             |   1|   0|    1|          0|
    |ap_loop_exit_ready_pp0_iter3_reg             |   1|   0|    1|          0|
    |ap_loop_exit_ready_pp0_iter4_reg             |   1|   0|    1|          0|
    |ap_phi_reg_pp0_iter1_out_pix_data_2_reg_167  |  24|   0|   24|          0|
    |ap_phi_reg_pp0_iter2_out_pix_data_2_reg_167  |  24|   0|   24|          0|
    |ap_phi_reg_pp0_iter3_out_pix_data_2_reg_167  |  24|   0|   24|          0|
    |ap_phi_reg_pp0_iter4_out_pix_data_2_reg_167  |  24|   0|   24|          0|
    |ap_phi_reg_pp0_iter5_out_pix_data_2_reg_167  |  24|   0|   24|          0|
    |ap_predicate_pred205_state6                  |   1|   0|    1|          0|
    |b_reg_427                                    |   8|   0|    8|          0|
    |g_reg_422                                    |   8|   0|    8|          0|
    |g_reg_422_pp0_iter2_reg                      |   8|   0|    8|          0|
    |icmp_ln32_reg_383                            |   1|   0|    1|          0|
    |indvar_flatten_fu_102                        |  64|   0|   64|          0|
    |out_pix_dest_reg_417                         |   1|   0|    1|          0|
    |out_pix_id_reg_412                           |   1|   0|    1|          0|
    |out_pix_keep_reg_392                         |   3|   0|    3|          0|
    |out_pix_last_reg_407                         |   1|   0|    1|          0|
    |out_pix_strb_reg_397                         |   3|   0|    3|          0|
    |out_pix_user_reg_402                         |   1|   0|    1|          0|
    |icmp_ln32_reg_383                            |  64|  32|    1|          0|
    |out_pix_dest_reg_417                         |  64|  32|    1|          0|
    |out_pix_id_reg_412                           |  64|  32|    1|          0|
    |out_pix_keep_reg_392                         |  64|  32|    3|          0|
    |out_pix_last_reg_407                         |  64|  32|    1|          0|
    |out_pix_strb_reg_397                         |  64|  32|    3|          0|
    |out_pix_user_reg_402                         |  64|  32|    1|          0|
    +---------------------------------------------+----+----+-----+-----------+
    |Total                                        | 678| 224|  241|          0|
    +---------------------------------------------+----+----+-----+-----------+



================================================================
== Interface
================================================================
* Summary: 
+---------------------+-----+-----+------------+----------------------------------+--------------+
|      RTL Ports      | Dir | Bits|  Protocol  |           Source Object          |    C Type    |
+---------------------+-----+-----+------------+----------------------------------+--------------+
|ap_clk               |   in|    1|  ap_ctrl_hs|  gbt24_Pipeline_Row_Loop_Col_Loop|  return value|
|ap_rst               |   in|    1|  ap_ctrl_hs|  gbt24_Pipeline_Row_Loop_Col_Loop|  return value|
|ap_start             |   in|    1|  ap_ctrl_hs|  gbt24_Pipeline_Row_Loop_Col_Loop|  return value|
|ap_done              |  out|    1|  ap_ctrl_hs|  gbt24_Pipeline_Row_Loop_Col_Loop|  return value|
|ap_idle              |  out|    1|  ap_ctrl_hs|  gbt24_Pipeline_Row_Loop_Col_Loop|  return value|
|ap_ready             |  out|    1|  ap_ctrl_hs|  gbt24_Pipeline_Row_Loop_Col_Loop|  return value|
|s_axis_video_TVALID  |   in|    1|        axis|             s_axis_video_V_data_V|       pointer|
|s_axis_video_TDATA   |   in|   24|        axis|             s_axis_video_V_data_V|       pointer|
|m_axis_video_TREADY  |   in|    1|        axis|             m_axis_video_V_data_V|       pointer|
|m_axis_video_TDATA   |  out|   24|        axis|             m_axis_video_V_data_V|       pointer|
|mul_ln9              |   in|   64|     ap_none|                           mul_ln9|        scalar|
|m_axis_video_TVALID  |  out|    1|        axis|             m_axis_video_V_dest_V|       pointer|
|m_axis_video_TDEST   |  out|    1|        axis|             m_axis_video_V_dest_V|       pointer|
|m_axis_video_TKEEP   |  out|    3|        axis|             m_axis_video_V_keep_V|       pointer|
|m_axis_video_TSTRB   |  out|    3|        axis|             m_axis_video_V_strb_V|       pointer|
|m_axis_video_TUSER   |  out|    1|        axis|             m_axis_video_V_user_V|       pointer|
|m_axis_video_TLAST   |  out|    1|        axis|             m_axis_video_V_last_V|       pointer|
|m_axis_video_TID     |  out|    1|        axis|               m_axis_video_V_id_V|       pointer|
|s_axis_video_TREADY  |  out|    1|        axis|             s_axis_video_V_dest_V|       pointer|
|s_axis_video_TDEST   |   in|    1|        axis|             s_axis_video_V_dest_V|       pointer|
|s_axis_video_TKEEP   |   in|    3|        axis|             s_axis_video_V_keep_V|       pointer|
|s_axis_video_TSTRB   |   in|    3|        axis|             s_axis_video_V_strb_V|       pointer|
|s_axis_video_TUSER   |   in|    1|        axis|             s_axis_video_V_user_V|       pointer|
|s_axis_video_TLAST   |   in|    1|        axis|             s_axis_video_V_last_V|       pointer|
|s_axis_video_TID     |   in|    1|        axis|               s_axis_video_V_id_V|       pointer|
|mode                 |   in|   32|     ap_none|                              mode|        scalar|
|threshold            |   in|   32|     ap_none|                         threshold|        scalar|
+---------------------+-----+-----+------------+----------------------------------+--------------+

