INFO-FLOW: Workspace C:/selected_topics_hdmi/pyzq/hw/hls_gray_ip/video_gray_live_prj/solution1 opened at Sat May 09 01:11:48 -0400 2026
Execute     ap_set_clock -name default -period 10 -default=false 
INFO: [SYN 201-201] Setting up clock 'default' with a period of 10ns.
Execute     set_part xc7z020-clg400-1 
Execute       create_platform xc7z020-clg400-1 -board  
DBG:HLSDevice: Trying to load device library: C:/Xilinx_vitis/Vitis_HLS/2023.2\lib\win64.o\xv_hlsvwrap.dll
DBG:HLSDevice: first parts/arch.xml in RDI_DATADIR: C:/Xilinx_vitis/Vivado/2023.2/data/parts/arch.xml
DBG:HLSDevice: init success
INFO: [HLS 200-1611] Setting target device to 'xc7z020-clg400-1'
Command       create_platform done; 0.342 sec.
Execute       source C:/Xilinx_vitis/Vitis_HLS/2023.2/common/technology/xilinx/common/xilinx.gen 
Execute         source C:/Xilinx_vitis/Vitis_HLS/2023.2/common/technology/xilinx/interface/plb46.gen 
Execute         source C:/Xilinx_vitis/Vitis_HLS/2023.2/common/technology/xilinx/interface/axi4.gen 
Execute         source C:/Xilinx_vitis/Vitis_HLS/2023.2/common/technology/xilinx/interface/nativeAXI4.gen 
Execute           source C:/Xilinx_vitis/Vitis_HLS/2023.2/common/technology/xilinx/interface/saxilite.gen 
Execute         source C:/Xilinx_vitis/Vitis_HLS/2023.2/common/technology/xilinx/scripts/xilinxcoregen.gen 
Execute         source C:/Xilinx_vitis/Vitis_HLS/2023.2/common/technology/xilinx/interface/XilEDKCoreGen.gen 
Execute         source C:/Xilinx_vitis/Vitis_HLS/2023.2/common/technology/xilinx/ip/dds_compiler.gen 
Execute         source C:/Xilinx_vitis/Vitis_HLS/2023.2/common/technology/xilinx/ip/util.gen 
Execute         source C:/Xilinx_vitis/Vitis_HLS/2023.2/common/technology/xilinx/ip/xfft.gen 
Execute         source C:/Xilinx_vitis/Vitis_HLS/2023.2/common/technology/xilinx/ip/xfir.gen 
Execute         source C:/Xilinx_vitis/Vitis_HLS/2023.2/common/technology/xilinx/DSP48/dsp48.gen 
Command       ap_source done; 0.147 sec.
Execute       ap_part_info -name xc7z020-clg400-1 -data info 
Execute       config_compile -quiet -complex-mul-dsp=0 
Command     set_part done; 0.496 sec.
Execute     send_msg_by_id INFO @200-1505@%s%s  vivado 
INFO: [HLS 200-1505] Using flow_target 'vivado'
Execute     send_msg_by_id INFO @200-1464@%s config_export -format=ip_catalog 
INFO: [HLS 200-1464] Running solution command: config_export -format=ip_catalog
Execute     config_export -format=ip_catalog 
Execute     send_msg_by_id INFO @200-1464@%s config_export -output=C:/selected_topics_hdmi/pyzq/hw/hls_gray_ip/hls_export 
INFO: [HLS 200-1464] Running solution command: config_export -output=C:/selected_topics_hdmi/pyzq/hw/hls_gray_ip/hls_export
Execute     config_export -output=C:/selected_topics_hdmi/pyzq/hw/hls_gray_ip/hls_export 
Execute     send_msg_by_id INFO @200-1464@%s config_export -rtl=verilog 
INFO: [HLS 200-1464] Running solution command: config_export -rtl=verilog
Execute     config_export -rtl=verilog 
Command   open_solution done; 0.561 sec.
Execute   set_part xc7z020-clg400-1 
INFO: [HLS 200-1510] Running: set_part xc7z020-clg400-1 
Execute     create_platform xc7z020-clg400-1 -board  
Execute     source C:/Xilinx_vitis/Vitis_HLS/2023.2/common/technology/xilinx/common/xilinx.gen 
Execute       source C:/Xilinx_vitis/Vitis_HLS/2023.2/common/technology/xilinx/interface/plb46.gen 
Execute       source C:/Xilinx_vitis/Vitis_HLS/2023.2/common/technology/xilinx/interface/axi4.gen 
Execute       source C:/Xilinx_vitis/Vitis_HLS/2023.2/common/technology/xilinx/interface/nativeAXI4.gen 
Execute         source C:/Xilinx_vitis/Vitis_HLS/2023.2/common/technology/xilinx/interface/saxilite.gen 
Execute       source C:/Xilinx_vitis/Vitis_HLS/2023.2/common/technology/xilinx/scripts/xilinxcoregen.gen 
Execute       source C:/Xilinx_vitis/Vitis_HLS/2023.2/common/technology/xilinx/interface/XilEDKCoreGen.gen 
Execute       source C:/Xilinx_vitis/Vitis_HLS/2023.2/common/technology/xilinx/ip/dds_compiler.gen 
Execute       source C:/Xilinx_vitis/Vitis_HLS/2023.2/common/technology/xilinx/ip/util.gen 
Execute       source C:/Xilinx_vitis/Vitis_HLS/2023.2/common/technology/xilinx/ip/xfft.gen 
Execute       source C:/Xilinx_vitis/Vitis_HLS/2023.2/common/technology/xilinx/ip/xfir.gen 
Execute       source C:/Xilinx_vitis/Vitis_HLS/2023.2/common/technology/xilinx/DSP48/dsp48.gen 
Execute     ap_part_info -name xc7z020-clg400-1 -data info 
Execute     config_compile -quiet -complex-mul-dsp=0 
Command   set_part done; 0.11 sec.
Execute   create_clock -period 10 -name default 
INFO: [HLS 200-1510] Running: create_clock -period 10 -name default 
Execute   config_export -format ip_catalog -output C:/selected_topics_hdmi/pyzq/hw/hls_gray_ip/hls_export -rtl verilog 
INFO: [HLS 200-1510] Running: config_export -format ip_catalog -output C:/selected_topics_hdmi/pyzq/hw/hls_gray_ip/hls_export -rtl verilog 
Execute   source ./video_gray_live_prj/solution1/directives.tcl 
INFO: [HLS 200-1510] Running: source ./video_gray_live_prj/solution1/directives.tcl
Execute     set_directive_top -name video_gray_live video_gray_live 
INFO: [HLS 200-1510] Running: set_directive_top -name video_gray_live video_gray_live 
Command     set_directive_top done; 0.144 sec.
Command   ap_source done; 0.145 sec.
Execute   csynth_design 
INFO: [HLS 200-1510] Running: csynth_design 
INFO-FLOW: Running SLX 'csynth' proc: ::SLX::run_csynth
Execute     elaborate -effort=medium -skip_syncheck=0 -keep_printf=0 -skip_cdt=0 -skip_transform=0 -ng=0 -g=0 -opt_fp=0 -from_csynth_design=1 
INFO: [HLS 200-111] Finished File checks and directory preparation: CPU user time: 0 seconds. CPU system time: 0 seconds. Elapsed time: 0.325 seconds; current allocated memory: 109.676 MB.
Execute       set_directive_top video_gray_live -name=video_gray_live 
Execute       source C:/Xilinx_vitis/Vitis_HLS/2023.2/tps/tcl/tcllib1.11.1/yaml/huddle.tcl 
Execute       source C:/Xilinx_vitis/Vitis_HLS/2023.2/tps/tcl/tcllib1.11.1/yaml/json2huddle.tcl 
Execute         source C:/Xilinx_vitis/Vitis_HLS/2023.2/tps/tcl/tcllib1.11.1/try/try.tcl 
INFO: [HLS 200-10] Analyzing design file 'video_gray_live.cpp' ... 
INFO-FLOW: Compiling one TU...
INFO-FLOW: Handling video_gray_live.cpp as C++
Execute       ap_part_info -name xc7z020-clg400-1 -data info 
INFO-FLOW: Running: GCC PP 39
INFO-FLOW: Source preprocessing
INFO-FLOW: run_clang exec: C:/Xilinx_vitis/Vitis_HLS/2023.2/win64/tools/clang-3.9-csynth/bin/clang video_gray_live.cpp -foptimization-record-file=C:/selected_topics_hdmi/pyzq/hw/hls_gray_ip/video_gray_live_prj/solution1/.autopilot/db/video_gray_live.cpp.clang.diag.yml -mllvm -pass-remarks-missed=reflow|pasta|unroll -mllvm -pass-remarks=reflow|pasta|unroll|inline -fno-limit-debug-info --sysroot C:/Xilinx_vitis/Vitis_HLS/2023.2/tps/mingw/8.3.0/win64.o/nt -fhls -fno-exceptions -insert-hls-directive=C:/selected_topics_hdmi/pyzq/hw/hls_gray_ip/video_gray_live_prj/solution1/.autopilot/db/all.directive.json -E -fno-math-errno -c -emit-llvm -mllvm -disable-llvm-optzns -Werror=implicit-function-declaration -Werror=implicit-hls-streams -Werror=return-type -Wpragmas -Wunused-parameter -Wdump-hls-pragmas -Wno-error=dump-hls-pragmas -hls-clock-period=10 -fno-threadsafe-statics -fno-use-cxa-atexit -std=gnu++14 -target fpga64-xilinx-mingw32 -fno-threadsafe-statics -fno-use-cxa-atexit -D__VITIS_HLS__ -DAESL_SYN -D__SYNTHESIS__ -D__HLS_SYN__ -I C:/Xilinx_vitis/Vitis_HLS/2023.2/common/technology/autopilot -I C:/Xilinx_vitis/Vitis_HLS/2023.2/common/technology/autopilot/ap_sysc -include etc/autopilot_ssdm_op.h -D__DSP48E1__ -I /usr/include/x86_64-linux-gnu -o C:/selected_topics_hdmi/pyzq/hw/hls_gray_ip/video_gray_live_prj/solution1/.autopilot/db/video_gray_live.pp.0.cpp {-hls-platform-db-name=C:/Xilinx_vitis/Vitis_HLS/2023.2\common/technology\xilinx/common/platform.db} -hls-platform-name=zynq_slow -device-resource-info=BRAM_280.000000_DSP_220.000000_FF_106400.000000_LUT_53200.000000_SLICE_13300.000000_URAM_0.000000 -device-name-info=xc7z020clg400-1 > C:/selected_topics_hdmi/pyzq/hw/hls_gray_ip/video_gray_live_prj/solution1/.autopilot/db/video_gray_live.cpp.clang.out.log 2> C:/selected_topics_hdmi/pyzq/hw/hls_gray_ip/video_gray_live_prj/solution1/.autopilot/db/video_gray_live.cpp.clang.err.log
INFO-FLOW: Done: GCC PP 39 time: 1.8 seconds per iteration
INFO-FLOW: Source syntax check for synthesis
INFO-FLOW: run_clang exec: C:/Xilinx_vitis/Vitis_HLS/2023.2/win64/tools/clang-3.9-csynth/bin/clang -foptimization-record-file=C:/selected_topics_hdmi/pyzq/hw/hls_gray_ip/video_gray_live_prj/solution1/.autopilot/db/clang.diag.yml -mllvm -pass-remarks-missed=reflow|pasta|unroll -mllvm -pass-remarks=reflow|pasta|unroll|inline -fsyntax-only -fhls -target fpga64-xilinx-linux-gnu C:/selected_topics_hdmi/pyzq/hw/hls_gray_ip/video_gray_live_prj/solution1/.autopilot/db/video_gray_live.pp.0.cpp {-hls-platform-db-name=C:/Xilinx_vitis/Vitis_HLS/2023.2\common/technology\xilinx/common/platform.db} -hls-platform-name=zynq_slow -device-resource-info=BRAM_280.000000_DSP_220.000000_FF_106400.000000_LUT_53200.000000_SLICE_13300.000000_URAM_0.000000 -device-name-info=xc7z020clg400-1 > C:/selected_topics_hdmi/pyzq/hw/hls_gray_ip/video_gray_live_prj/solution1/.autopilot/db/clang.out.log 2> C:/selected_topics_hdmi/pyzq/hw/hls_gray_ip/video_gray_live_prj/solution1/.autopilot/db/clang.err.log
Execute       clang_tidy xilinx-systemc-detector -desc systemc-detector C:/selected_topics_hdmi/pyzq/hw/hls_gray_ip/video_gray_live_prj/solution1/.autopilot/db/video_gray_live.pp.0.cpp std=gnu++14 -target fpga  -directive=C:/selected_topics_hdmi/pyzq/hw/hls_gray_ip/video_gray_live_prj/solution1/.autopilot/db/.systemc_flag 
INFO-FLOW: exec C:/Xilinx_vitis/Vitis_HLS/2023.2/win64/tools/clang-3.9-csynth/bin/clang-tidy -header-filter=.* --checks=-*,xilinx-systemc-detector -import-directive=C:/selected_topics_hdmi/pyzq/hw/hls_gray_ip/video_gray_live_prj/solution1/.autopilot/db/.systemc_flag -fix-errors C:/selected_topics_hdmi/pyzq/hw/hls_gray_ip/video_gray_live_prj/solution1/.autopilot/db/video_gray_live.pp.0.cpp -- -std=gnu++14 -target fpga -fhls -ferror-limit=0
Command       clang_tidy done; 0.359 sec.
INFO-FLOW: Running: clang-tidy CDT preprocess 39
Execute       clang_tidy xilinx-directive2pragma -desc directive2pragma C:/selected_topics_hdmi/pyzq/hw/hls_gray_ip/video_gray_live_prj/solution1/.autopilot/db/video_gray_live.pp.0.cpp std=gnu++14 -target fpga  -directive=C:/selected_topics_hdmi/pyzq/hw/hls_gray_ip/video_gray_live_prj/solution1/.autopilot/db/all.directive.json 
INFO-FLOW: exec C:/Xilinx_vitis/Vitis_HLS/2023.2/win64/tools/clang-3.9-csynth/bin/clang-tidy -header-filter=.* --checks=-*,xilinx-directive2pragma -import-directive=C:/selected_topics_hdmi/pyzq/hw/hls_gray_ip/video_gray_live_prj/solution1/.autopilot/db/all.directive.json -fix-errors C:/selected_topics_hdmi/pyzq/hw/hls_gray_ip/video_gray_live_prj/solution1/.autopilot/db/video_gray_live.pp.0.cpp -- -std=gnu++14 -target fpga -fhls -ferror-limit=0
Command       clang_tidy done; 0.692 sec.
INFO-FLOW: Done: clang-tidy CDT preprocess 39 time: 0.7 seconds per iteration
INFO-FLOW: Calling xilinx-label-all-loops ... 
INFO-FLOW: Calling xilinx-aggregate-on-hls-vector ... 
Execute       clang_tidy -errorcheck -desc loop-label xilinx-label-all-loops,xilinx-aggregate-on-hls-vector,,xilinx-warn-mayneed-no-ctor-attribute C:/selected_topics_hdmi/pyzq/hw/hls_gray_ip/video_gray_live_prj/solution1/.autopilot/db/video_gray_live.pp.0.cpp std=gnu++14 -target fpga  
INFO-FLOW: run_clang exec: C:/Xilinx_vitis/Vitis_HLS/2023.2/win64/tools/clang-3.9-csynth/bin/clang-tidy -export-fixes=C:/selected_topics_hdmi/pyzq/hw/hls_gray_ip/video_gray_live_prj/solution1/.autopilot/db/video_gray_live.pp.0.cpp.clang-tidy.loop-label.diag.yml -header-filter=.* --checks=-*,xilinx-label-all-loops,xilinx-aggregate-on-hls-vector,,xilinx-warn-mayneed-no-ctor-attribute -fix-errors C:/selected_topics_hdmi/pyzq/hw/hls_gray_ip/video_gray_live_prj/solution1/.autopilot/db/video_gray_live.pp.0.cpp -- -std=gnu++14 -target fpga -fhls -ferror-limit=0 > C:/selected_topics_hdmi/pyzq/hw/hls_gray_ip/video_gray_live_prj/solution1/.autopilot/db/video_gray_live.pp.0.cpp.clang-tidy.loop-label.out.log 2> C:/selected_topics_hdmi/pyzq/hw/hls_gray_ip/video_gray_live_prj/solution1/.autopilot/db/video_gray_live.pp.0.cpp.clang-tidy.loop-label.err.log
Execute         source C:/Xilinx_vitis/Vitis_HLS/2023.2/tps/tcl/tcllib1.11.1/yaml/yaml.tcl 
Command       clang_tidy done; 0.799 sec.
INFO-FLOW: run_clang exec: C:/Xilinx_vitis/Vitis_HLS/2023.2/win64/tools/clang-3.9-csynth/bin/xilinx-dataflow-lawyer -export-fixes=C:/selected_topics_hdmi/pyzq/hw/hls_gray_ip/video_gray_live_prj/solution1/.autopilot/db/video_gray_live.pp.0.cpp.xilinx-dataflow-lawyer.diag.yml C:/selected_topics_hdmi/pyzq/hw/hls_gray_ip/video_gray_live_prj/solution1/.autopilot/db/video_gray_live.pp.0.cpp -- -std=gnu++14 -target fpga -fhls -ferror-limit=0 -fstrict-dataflow > C:/selected_topics_hdmi/pyzq/hw/hls_gray_ip/video_gray_live_prj/solution1/.autopilot/db/video_gray_live.pp.0.cpp.xilinx-dataflow-lawyer.out.log 2> C:/selected_topics_hdmi/pyzq/hw/hls_gray_ip/video_gray_live_prj/solution1/.autopilot/db/video_gray_live.pp.0.cpp.xilinx-dataflow-lawyer.err.log
Execute       ap_part_info -name xc7z020-clg400-1 -data info 
INFO-FLOW: compiling source code to llvm bc
INFO-FLOW: run_clang exec: C:/Xilinx_vitis/Vitis_HLS/2023.2/win64/tools/clang-3.9-csynth/bin/clang -foptimization-record-file=C:/selected_topics_hdmi/pyzq/hw/hls_gray_ip/video_gray_live_prj/solution1/.autopilot/db/video_gray_live.pp.0.cpp.clang.diag.yml -mllvm -pass-remarks-missed=reflow|pasta|unroll -mllvm -pass-remarks=reflow|pasta|unroll|inline -fno-limit-debug-info -fhls -flto -fno-exceptions -Wno-error=c++11-narrowing -hls-emit-hint-scope C:/selected_topics_hdmi/pyzq/hw/hls_gray_ip/video_gray_live_prj/solution1/.autopilot/db/video_gray_live.pp.0.cpp -fno-math-errno -c -emit-llvm -mllvm -disable-llvm-optzns -Werror=implicit-function-declaration -Werror=implicit-hls-streams -Werror=return-type -Wpragmas -Wunused-parameter -Wdump-hls-pragmas -Wno-error=dump-hls-pragmas -hls-clock-period=10 -fno-threadsafe-statics -fno-use-cxa-atexit -std=gnu++14 -target fpga64-xilinx-linux-gnu -D__VITIS_HLS__ -DAESL_SYN -D__SYNTHESIS__ -D__HLS_SYN__ -I C:/Xilinx_vitis/Vitis_HLS/2023.2/common/technology/autopilot -I C:/Xilinx_vitis/Vitis_HLS/2023.2/common/technology/autopilot/ap_sysc -include etc/autopilot_ssdm_op.h -D__DSP48E1__ -g -o C:/selected_topics_hdmi/pyzq/hw/hls_gray_ip/video_gray_live_prj/solution1/.autopilot/db/video_gray_live.bc {-hls-platform-db-name=C:/Xilinx_vitis/Vitis_HLS/2023.2\common/technology\xilinx/common/platform.db} -hls-platform-name=zynq_slow -device-resource-info=BRAM_280.000000_DSP_220.000000_FF_106400.000000_LUT_53200.000000_SLICE_13300.000000_URAM_0.000000 -device-name-info=xc7z020clg400-1 > C:/selected_topics_hdmi/pyzq/hw/hls_gray_ip/video_gray_live_prj/solution1/.autopilot/db/video_gray_live.pp.0.cpp.clang.out.log 2> C:/selected_topics_hdmi/pyzq/hw/hls_gray_ip/video_gray_live_prj/solution1/.autopilot/db/video_gray_live.pp.0.cpp.clang.err.log
INFO: [HLS 200-111] Finished Source Code Analysis and Preprocessing: CPU user time: 0 seconds. CPU system time: 0 seconds. Elapsed time: 8.216 seconds; current allocated memory: 111.914 MB.
INFO-FLOW: Linking Debug ...
INFO-FLOW: Linking dut bc code.
Execute       run_link_or_opt -out C:/selected_topics_hdmi/pyzq/hw/hls_gray_ip/video_gray_live_prj/solution1/.autopilot/db/a.g.ld.0.bc -args  "C:/selected_topics_hdmi/pyzq/hw/hls_gray_ip/video_gray_live_prj/solution1/.autopilot/db/video_gray_live.g.bc"  
INFO-FLOW: run_clang exec: C:/Xilinx_vitis/Vitis_HLS/2023.2/win64/tools/clang-3.9-csynth/bin/llvm-link C:/selected_topics_hdmi/pyzq/hw/hls_gray_ip/video_gray_live_prj/solution1/.autopilot/db/video_gray_live.g.bc -o C:/selected_topics_hdmi/pyzq/hw/hls_gray_ip/video_gray_live_prj/solution1/.autopilot/db/a.g.ld.0.bc > C:/selected_topics_hdmi/pyzq/hw/hls_gray_ip/video_gray_live_prj/solution1/.autopilot/db/a.g.ld.0.bc.llvm-link.out.log 2> C:/selected_topics_hdmi/pyzq/hw/hls_gray_ip/video_gray_live_prj/solution1/.autopilot/db/a.g.ld.0.bc.llvm-link.err.log
INFO-FLOW: 
Execute       run_link_or_opt -opt -out C:/selected_topics_hdmi/pyzq/hw/hls_gray_ip/video_gray_live_prj/solution1/.autopilot/db/a.g.ld.1.lower.bc -args C:/selected_topics_hdmi/pyzq/hw/hls_gray_ip/video_gray_live_prj/solution1/.autopilot/db/a.g.ld.0.bc -reflow-lower-math-intrinsics 
INFO-FLOW: run_clang exec: C:/Xilinx_vitis/Vitis_HLS/2023.2/win64/tools/clang-3.9-csynth/bin/opt -pass-remarks-missed=reflow|pasta|unroll -pass-remarks=reflow|pasta|unroll|inline -pass-remarks-output=C:/selected_topics_hdmi/pyzq/hw/hls_gray_ip/video_gray_live_prj/solution1/.autopilot/db/a.g.ld.1.lower.bc.opt.diag.yml C:/selected_topics_hdmi/pyzq/hw/hls_gray_ip/video_gray_live_prj/solution1/.autopilot/db/a.g.ld.0.bc -reflow-lower-math-intrinsics -o C:/selected_topics_hdmi/pyzq/hw/hls_gray_ip/video_gray_live_prj/solution1/.autopilot/db/a.g.ld.1.lower.bc > C:/selected_topics_hdmi/pyzq/hw/hls_gray_ip/video_gray_live_prj/solution1/.autopilot/db/a.g.ld.1.lower.bc.opt.out.log 2> C:/selected_topics_hdmi/pyzq/hw/hls_gray_ip/video_gray_live_prj/solution1/.autopilot/db/a.g.ld.1.lower.bc.opt.err.log
INFO-FLOW: 
INFO-FLOW: Running: gen_design_size_report post-opt
INFO-FLOW: Done: gen_design_size_report post-opt time: 0 seconds per iteration
INFO-FLOW: Linking math bc lib
Execute       run_link_or_opt -out C:/selected_topics_hdmi/pyzq/hw/hls_gray_ip/video_gray_live_prj/solution1/.autopilot/db/a.g.ld.2.m1.bc -args C:/selected_topics_hdmi/pyzq/hw/hls_gray_ip/video_gray_live_prj/solution1/.autopilot/db/a.g.ld.1.lower.bc -only-needed C:/Xilinx_vitis/Vitis_HLS/2023.2/win64/lib/libhlsm_39.bc C:/Xilinx_vitis/Vitis_HLS/2023.2/win64/lib/libhlsmc++_39.bc 
INFO-FLOW: run_clang exec: C:/Xilinx_vitis/Vitis_HLS/2023.2/win64/tools/clang-3.9-csynth/bin/llvm-link C:/selected_topics_hdmi/pyzq/hw/hls_gray_ip/video_gray_live_prj/solution1/.autopilot/db/a.g.ld.1.lower.bc -only-needed C:/Xilinx_vitis/Vitis_HLS/2023.2/win64/lib/libhlsm_39.bc C:/Xilinx_vitis/Vitis_HLS/2023.2/win64/lib/libhlsmc++_39.bc -o C:/selected_topics_hdmi/pyzq/hw/hls_gray_ip/video_gray_live_prj/solution1/.autopilot/db/a.g.ld.2.m1.bc > C:/selected_topics_hdmi/pyzq/hw/hls_gray_ip/video_gray_live_prj/solution1/.autopilot/db/a.g.ld.2.m1.bc.llvm-link.out.log 2> C:/selected_topics_hdmi/pyzq/hw/hls_gray_ip/video_gray_live_prj/solution1/.autopilot/db/a.g.ld.2.m1.bc.llvm-link.err.log
INFO-FLOW: 
Command       run_link_or_opt done; 4.219 sec.
Execute       run_link_or_opt -opt -out C:/selected_topics_hdmi/pyzq/hw/hls_gray_ip/video_gray_live_prj/solution1/.autopilot/db/a.g.ld.3.fpc.bc -args C:/selected_topics_hdmi/pyzq/hw/hls_gray_ip/video_gray_live_prj/solution1/.autopilot/db/a.g.ld.2.m1.bc -reflow-globaldce -hls-top-function-name=video_gray_live -reflow-float-conversion 
INFO-FLOW: run_clang exec: C:/Xilinx_vitis/Vitis_HLS/2023.2/win64/tools/clang-3.9-csynth/bin/opt -pass-remarks-missed=reflow|pasta|unroll -pass-remarks=reflow|pasta|unroll|inline -pass-remarks-output=C:/selected_topics_hdmi/pyzq/hw/hls_gray_ip/video_gray_live_prj/solution1/.autopilot/db/a.g.ld.3.fpc.bc.opt.diag.yml C:/selected_topics_hdmi/pyzq/hw/hls_gray_ip/video_gray_live_prj/solution1/.autopilot/db/a.g.ld.2.m1.bc -reflow-globaldce -hls-top-function-name=video_gray_live -reflow-float-conversion -o C:/selected_topics_hdmi/pyzq/hw/hls_gray_ip/video_gray_live_prj/solution1/.autopilot/db/a.g.ld.3.fpc.bc > C:/selected_topics_hdmi/pyzq/hw/hls_gray_ip/video_gray_live_prj/solution1/.autopilot/db/a.g.ld.3.fpc.bc.opt.out.log 2> C:/selected_topics_hdmi/pyzq/hw/hls_gray_ip/video_gray_live_prj/solution1/.autopilot/db/a.g.ld.3.fpc.bc.opt.err.log
INFO-FLOW: 
INFO-FLOW: Running: gen_design_size_report post-opt
INFO-FLOW: Done: gen_design_size_report post-opt time: 0 seconds per iteration
Command       run_link_or_opt done; 1.752 sec.
Execute       run_link_or_opt -out C:/selected_topics_hdmi/pyzq/hw/hls_gray_ip/video_gray_live_prj/solution1/.autopilot/db/a.g.ld.4.m2.bc -args C:/selected_topics_hdmi/pyzq/hw/hls_gray_ip/video_gray_live_prj/solution1/.autopilot/db/a.g.ld.3.fpc.bc -only-needed C:/Xilinx_vitis/Vitis_HLS/2023.2/win64/lib/libfloatconversion_39.bc 
INFO-FLOW: run_clang exec: C:/Xilinx_vitis/Vitis_HLS/2023.2/win64/tools/clang-3.9-csynth/bin/llvm-link C:/selected_topics_hdmi/pyzq/hw/hls_gray_ip/video_gray_live_prj/solution1/.autopilot/db/a.g.ld.3.fpc.bc -only-needed C:/Xilinx_vitis/Vitis_HLS/2023.2/win64/lib/libfloatconversion_39.bc -o C:/selected_topics_hdmi/pyzq/hw/hls_gray_ip/video_gray_live_prj/solution1/.autopilot/db/a.g.ld.4.m2.bc > C:/selected_topics_hdmi/pyzq/hw/hls_gray_ip/video_gray_live_prj/solution1/.autopilot/db/a.g.ld.4.m2.bc.llvm-link.out.log 2> C:/selected_topics_hdmi/pyzq/hw/hls_gray_ip/video_gray_live_prj/solution1/.autopilot/db/a.g.ld.4.m2.bc.llvm-link.err.log
INFO-FLOW: 
Execute       run_link_or_opt -opt -out C:/selected_topics_hdmi/pyzq/hw/hls_gray_ip/video_gray_live_prj/solution1/.autopilot/db/a.g.ld.5.gdce.bc -args C:/selected_topics_hdmi/pyzq/hw/hls_gray_ip/video_gray_live_prj/solution1/.autopilot/db/a.g.ld.4.m2.bc -reflow-globaldce -hls-top-function-name=video_gray_live 
INFO-FLOW: run_clang exec: C:/Xilinx_vitis/Vitis_HLS/2023.2/win64/tools/clang-3.9-csynth/bin/opt -pass-remarks-missed=reflow|pasta|unroll -pass-remarks=reflow|pasta|unroll|inline -pass-remarks-output=C:/selected_topics_hdmi/pyzq/hw/hls_gray_ip/video_gray_live_prj/solution1/.autopilot/db/a.g.ld.5.gdce.bc.opt.diag.yml C:/selected_topics_hdmi/pyzq/hw/hls_gray_ip/video_gray_live_prj/solution1/.autopilot/db/a.g.ld.4.m2.bc -reflow-globaldce -hls-top-function-name=video_gray_live -o C:/selected_topics_hdmi/pyzq/hw/hls_gray_ip/video_gray_live_prj/solution1/.autopilot/db/a.g.ld.5.gdce.bc > C:/selected_topics_hdmi/pyzq/hw/hls_gray_ip/video_gray_live_prj/solution1/.autopilot/db/a.g.ld.5.gdce.bc.opt.out.log 2> C:/selected_topics_hdmi/pyzq/hw/hls_gray_ip/video_gray_live_prj/solution1/.autopilot/db/a.g.ld.5.gdce.bc.opt.err.log
INFO-FLOW: 
INFO-FLOW: Running: gen_design_size_report post-opt
INFO-FLOW: Done: gen_design_size_report post-opt time: 0 seconds per iteration
Execute       send_msg_by_id INFO @200-777@%s Vivado 
INFO: [HLS 200-777] Using interface defaults for 'Vivado' flow target.
Execute       is_m_axi_addr64 
INFO-FLOW: Doing LTO.
INFO-FLOW: run_clang (background poll_ms 5000) exec: C:/Xilinx_vitis/Vitis_HLS/2023.2/win64/tools/clang-3.9-csynth/bin/clang -foptimization-record-file=C:/selected_topics_hdmi/pyzq/hw/hls_gray_ip/video_gray_live_prj/solution1/.autopilot/db/a.g.ld.0.bc.clang.reflow.diag.yml -mllvm -pass-remarks-missed=reflow|pasta|unroll -mllvm -pass-remarks=reflow|pasta|unroll|inline -fhls -mllvm -hls-top-function-name=video_gray_live -mllvm -hls-db-dir -mllvm C:/selected_topics_hdmi/pyzq/hw/hls_gray_ip/video_gray_live_prj/solution1/.autopilot/db -emit-llvm -c -target fpga64-xilinx-none -mllvm -xcl-xmlinfo=C:/selected_topics_hdmi/pyzq/hw/hls_gray_ip/video_gray_live_prj/solution1/.autopilot/db/kernel.internal.xml -mllvm -top-io-mapping-info=C:/selected_topics_hdmi/pyzq/hw/hls_gray_ip/video_gray_live_prj/solution1/.autopilot/db/top-io-fe.xml -mllvm -hls-bitcode-version=3.1 -mllvm -reflow-enable-slave-interface-default-setting=true -mllvm -gen-kernel-xml=false -mllvm -default-maxi-offset=slave -mllvm -maxi-latency=0 -mllvm -hls-maxi-data-size-in-bits=8 -mllvm -hls-maxi-max-data-size-in-bits=1024 -mllvm -hls-max-widen-size-in-bits=0 -mllvm -xcl-kernel-max-mem-ports=0 -mllvm -maxi-read-trans=16 -mllvm -maxi-write-trans=16 -mllvm -maxi-read-burst-len=16 -mllvm -maxi-write-burst-len=16 -mllvm -reflow-enable-saxi-64bits=0 -mllvm -reflow-basic-block-instr-threshold=200000 -mllvm -reflow-auto-pipeline-threshold=64 -mllvm -reflow-enable-maxi-auto-id-channel=0 -mllvm -enable-fp-thr=0 -mllvm -reflow-bdd-simplify-threshold=1048576 -mllvm -reflow-fanout-threshold=16 -mllvm -assume-maxi-align=1 -mllvm -reflow-pipeline-style-llvm-setting=2 -mllvm -reflow-enable-dataflow-strict-mode-checking=1 -ftime-report -mllvm -time-passes -mllvm -reflow-auto-array-partition-mode=default -mllvm -reflow-enable-auto-array-partition=true -mllvm -reflow-enable-auto-parallel-performance-driven=true -mllvm -reflow-enable-partition-for-automation=true -mllvm -reflow-aggregate-bitwidth-threshold=4096 -mllvm -reflow-reserved-saxilite-registers=0 -mllvm -enable-reflow-auto-loop-pipeline -mllvm -reflow-max-unroll-threshold=409600 -mllvm -reflow-assume-no-address-wrap=true -mllvm -reflow-enable-occurrence-inference=true -mllvm -reflow-emit-hint-scope=true -mllvm -hls -mllvm -disable-inlined-alloca-merging=true -mllvm -default-clock-period=10 -x ir C:/selected_topics_hdmi/pyzq/hw/hls_gray_ip/video_gray_live_prj/solution1/.autopilot/db/a.g.ld.5.gdce.bc -o C:/selected_topics_hdmi/pyzq/hw/hls_gray_ip/video_gray_live_prj/solution1/.autopilot/db/a.g.lto.bc {-hls-platform-db-name=C:/Xilinx_vitis/Vitis_HLS/2023.2\common/technology\xilinx/common/platform.db} -hls-platform-name=zynq_slow -device-resource-info=BRAM_280.000000_DSP_220.000000_FF_106400.000000_LUT_53200.000000_SLICE_13300.000000_URAM_0.000000 -device-name-info=xc7z020clg400-1 2> C:/selected_topics_hdmi/pyzq/hw/hls_gray_ip/video_gray_live_prj/solution1/.autopilot/db/a.g.ld.0.bc.clang.reflow.err.log bg_poll_cmd: ::AP::poll_clang_39_closed_source
Execute       send_msg_by_id INFO @200-1995@%s%s%s 2,269 Compile/Link C:/selected_topics_hdmi/pyzq/hw/hls_gray_ip/video_gray_live_prj/solution1/syn/report/csynth_design_size.rpt 
INFO: [HLS 200-1995] There were 2,269 instructions in the design after the 'Compile/Link' phase of compilation. See the Design Size Report for more details: C:/selected_topics_hdmi/pyzq/hw/hls_gray_ip/video_gray_live_prj/solution1/syn/report/csynth_design_size.rpt
Execute       send_msg_by_id INFO @200-1995@%s%s%s 306 Unroll/Inline (step 1) C:/selected_topics_hdmi/pyzq/hw/hls_gray_ip/video_gray_live_prj/solution1/syn/report/csynth_design_size.rpt 
INFO: [HLS 200-1995] There were 306 instructions in the design after the 'Unroll/Inline (step 1)' phase of compilation. See the Design Size Report for more details: C:/selected_topics_hdmi/pyzq/hw/hls_gray_ip/video_gray_live_prj/solution1/syn/report/csynth_design_size.rpt
Execute       send_msg_by_id INFO @200-1995@%s%s%s 221 Unroll/Inline (step 2) C:/selected_topics_hdmi/pyzq/hw/hls_gray_ip/video_gray_live_prj/solution1/syn/report/csynth_design_size.rpt 
INFO: [HLS 200-1995] There were 221 instructions in the design after the 'Unroll/Inline (step 2)' phase of compilation. See the Design Size Report for more details: C:/selected_topics_hdmi/pyzq/hw/hls_gray_ip/video_gray_live_prj/solution1/syn/report/csynth_design_size.rpt
Execute       send_msg_by_id INFO @200-1995@%s%s%s 221 Unroll/Inline (step 3) C:/selected_topics_hdmi/pyzq/hw/hls_gray_ip/video_gray_live_prj/solution1/syn/report/csynth_design_size.rpt 
INFO: [HLS 200-1995] There were 221 instructions in the design after the 'Unroll/Inline (step 3)' phase of compilation. See the Design Size Report for more details: C:/selected_topics_hdmi/pyzq/hw/hls_gray_ip/video_gray_live_prj/solution1/syn/report/csynth_design_size.rpt
Execute       send_msg_by_id INFO @200-1995@%s%s%s 219 Unroll/Inline (step 4) C:/selected_topics_hdmi/pyzq/hw/hls_gray_ip/video_gray_live_prj/solution1/syn/report/csynth_design_size.rpt 
INFO: [HLS 200-1995] There were 219 instructions in the design after the 'Unroll/Inline (step 4)' phase of compilation. See the Design Size Report for more details: C:/selected_topics_hdmi/pyzq/hw/hls_gray_ip/video_gray_live_prj/solution1/syn/report/csynth_design_size.rpt
Execute       send_msg_by_id INFO @200-1995@%s%s%s 221 Array/Struct (step 1) C:/selected_topics_hdmi/pyzq/hw/hls_gray_ip/video_gray_live_prj/solution1/syn/report/csynth_design_size.rpt 
INFO: [HLS 200-1995] There were 221 instructions in the design after the 'Array/Struct (step 1)' phase of compilation. See the Design Size Report for more details: C:/selected_topics_hdmi/pyzq/hw/hls_gray_ip/video_gray_live_prj/solution1/syn/report/csynth_design_size.rpt
Execute       send_msg_by_id INFO @200-1995@%s%s%s 221 Array/Struct (step 2) C:/selected_topics_hdmi/pyzq/hw/hls_gray_ip/video_gray_live_prj/solution1/syn/report/csynth_design_size.rpt 
INFO: [HLS 200-1995] There were 221 instructions in the design after the 'Array/Struct (step 2)' phase of compilation. See the Design Size Report for more details: C:/selected_topics_hdmi/pyzq/hw/hls_gray_ip/video_gray_live_prj/solution1/syn/report/csynth_design_size.rpt
Execute       send_msg_by_id INFO @200-1995@%s%s%s 221 Array/Struct (step 3) C:/selected_topics_hdmi/pyzq/hw/hls_gray_ip/video_gray_live_prj/solution1/syn/report/csynth_design_size.rpt 
INFO: [HLS 200-1995] There were 221 instructions in the design after the 'Array/Struct (step 3)' phase of compilation. See the Design Size Report for more details: C:/selected_topics_hdmi/pyzq/hw/hls_gray_ip/video_gray_live_prj/solution1/syn/report/csynth_design_size.rpt
Execute       send_msg_by_id INFO @200-1995@%s%s%s 221 Array/Struct (step 4) C:/selected_topics_hdmi/pyzq/hw/hls_gray_ip/video_gray_live_prj/solution1/syn/report/csynth_design_size.rpt 
INFO: [HLS 200-1995] There were 221 instructions in the design after the 'Array/Struct (step 4)' phase of compilation. See the Design Size Report for more details: C:/selected_topics_hdmi/pyzq/hw/hls_gray_ip/video_gray_live_prj/solution1/syn/report/csynth_design_size.rpt
Execute       send_msg_by_id INFO @200-1995@%s%s%s 333 Array/Struct (step 5) C:/selected_topics_hdmi/pyzq/hw/hls_gray_ip/video_gray_live_prj/solution1/syn/report/csynth_design_size.rpt 
INFO: [HLS 200-1995] There were 333 instructions in the design after the 'Array/Struct (step 5)' phase of compilation. See the Design Size Report for more details: C:/selected_topics_hdmi/pyzq/hw/hls_gray_ip/video_gray_live_prj/solution1/syn/report/csynth_design_size.rpt
Execute       send_msg_by_id INFO @200-1995@%s%s%s 347 Performance (step 1) C:/selected_topics_hdmi/pyzq/hw/hls_gray_ip/video_gray_live_prj/solution1/syn/report/csynth_design_size.rpt 
INFO: [HLS 200-1995] There were 347 instructions in the design after the 'Performance (step 1)' phase of compilation. See the Design Size Report for more details: C:/selected_topics_hdmi/pyzq/hw/hls_gray_ip/video_gray_live_prj/solution1/syn/report/csynth_design_size.rpt
Execute       send_msg_by_id INFO @200-1995@%s%s%s 333 Performance (step 2) C:/selected_topics_hdmi/pyzq/hw/hls_gray_ip/video_gray_live_prj/solution1/syn/report/csynth_design_size.rpt 
INFO: [HLS 200-1995] There were 333 instructions in the design after the 'Performance (step 2)' phase of compilation. See the Design Size Report for more details: C:/selected_topics_hdmi/pyzq/hw/hls_gray_ip/video_gray_live_prj/solution1/syn/report/csynth_design_size.rpt
Execute       send_msg_by_id INFO @200-1995@%s%s%s 234 Performance (step 3) C:/selected_topics_hdmi/pyzq/hw/hls_gray_ip/video_gray_live_prj/solution1/syn/report/csynth_design_size.rpt 
INFO: [HLS 200-1995] There were 234 instructions in the design after the 'Performance (step 3)' phase of compilation. See the Design Size Report for more details: C:/selected_topics_hdmi/pyzq/hw/hls_gray_ip/video_gray_live_prj/solution1/syn/report/csynth_design_size.rpt
Execute       send_msg_by_id INFO @200-1995@%s%s%s 234 Performance (step 4) C:/selected_topics_hdmi/pyzq/hw/hls_gray_ip/video_gray_live_prj/solution1/syn/report/csynth_design_size.rpt 
INFO: [HLS 200-1995] There were 234 instructions in the design after the 'Performance (step 4)' phase of compilation. See the Design Size Report for more details: C:/selected_topics_hdmi/pyzq/hw/hls_gray_ip/video_gray_live_prj/solution1/syn/report/csynth_design_size.rpt
Execute       send_msg_by_id INFO @200-1995@%s%s%s 195 HW Transforms (step 1) C:/selected_topics_hdmi/pyzq/hw/hls_gray_ip/video_gray_live_prj/solution1/syn/report/csynth_design_size.rpt 
INFO: [HLS 200-1995] There were 195 instructions in the design after the 'HW Transforms (step 1)' phase of compilation. See the Design Size Report for more details: C:/selected_topics_hdmi/pyzq/hw/hls_gray_ip/video_gray_live_prj/solution1/syn/report/csynth_design_size.rpt
Execute       send_msg_by_id INFO @200-1995@%s%s%s 169 HW Transforms (step 2) C:/selected_topics_hdmi/pyzq/hw/hls_gray_ip/video_gray_live_prj/solution1/syn/report/csynth_design_size.rpt 
INFO: [HLS 200-1995] There were 169 instructions in the design after the 'HW Transforms (step 2)' phase of compilation. See the Design Size Report for more details: C:/selected_topics_hdmi/pyzq/hw/hls_gray_ip/video_gray_live_prj/solution1/syn/report/csynth_design_size.rpt
INFO-FLOW: DBG:PUTS: copy_raw_kernel_xml ap_link_39: kernel.xml not generated: C:/selected_topics_hdmi/pyzq/hw/hls_gray_ip/video_gray_live_prj/solution1/.autopilot/db/kernel.internal.xml
INFO: [HLS 200-111] Finished Compiling Optimization and Transform: CPU user time: 0 seconds. CPU system time: 0 seconds. Elapsed time: 11.244 seconds; current allocated memory: 114.078 MB.
INFO: [HLS 200-111] Finished Checking Pragmas: CPU user time: 0 seconds. CPU system time: 0 seconds. Elapsed time: 0.002 seconds; current allocated memory: 114.078 MB.
Execute       opt_and_import_c a -opt_level=2 -skip_syncheck=0 -ng=0 -keep_printf=0 
Execute         cleanup_all_models 
INFO: [HLS 200-10] Starting code transformations ...
INFO-FLOW: Running Standard Transforms...
Execute         transform -hls -share-std-xform -demangle-name -inline-byval-memcpy -always-inline -promote-dbg-pointer -interface-preproc -mem2reg -scalarrepl -mem2reg -keep-read-access -instcombine -dce -promote-dbg-pointer -bitop-raise -loop-simplify -indvarspre -indvars -loop-simplify -xunroll -constprop -instcombine -simplifycfg -indvars -simplifycfg -dce -globaldce -basicaa -simplifycfg -mem2reg -globalopt -global-constprop -deadargelim -instcombine -simplifycfg -scalarrepl -instcombine -reassociate -licm -simplifycfg -loop-simplify -indvars -instcombine -simplifycfg -mem2reg -loop-simplify -indvars -instcombine -gvn -gvn -instcombine -adce -break-crit-edges -simplifycfg -loop-delete -global-array-opt -dce -dse -adce -find-syn-modules -top video_gray_live -deadargelim -mem2reg -instcombine -dce -presyn-prepare -interface-preproc -syn-check -check-rec-only -find-region -simplifycfg -func-extr -function-inline -globaldce -mem2reg -instcombine -dce -gvn -globaldce -adce -adse -constprop -instcombine -bit-constprop -instcombine -dce -simplifycfg -bitop-raise -simplifycfg -dce -loop-delete -reassociate -globalopt -global-privatize -mem2reg -dce -global-constprop -pointer-simplify -constprop -dce -auto-shift-reg-idiom -promote-dbg-pointer -norm-name C:/selected_topics_hdmi/pyzq/hw/hls_gray_ip/video_gray_live_prj/solution1/.autopilot/db/a.g.0.bc -o C:/selected_topics_hdmi/pyzq/hw/hls_gray_ip/video_gray_live_prj/solution1/.autopilot/db/a.g.1.bc -f -phase std-opt 
Command         transform done; 0.791 sec.
INFO: [HLS 200-111] Finished Standard Transforms: CPU user time: 0 seconds. CPU system time: 0 seconds. Elapsed time: 0.798 seconds; current allocated memory: 119.137 MB.
INFO: [HLS 200-10] Checking synthesizability ...
INFO-FLOW: Checking Synthesizability 1/2..
Execute         transform -hls -syn-check -check-rec-only -scalarrepl -norm-name -dce -mem2reg -instcombine -directive-preproc -mem2reg -dse -dce -dce -pag -array-normalize -instcombine -dce -array-seg-normalize -instcombine -dce -data-pack -instcombine -dce -inst-simplify -array-flatten -instcombine -dce -array-burst -dce -deadargelim -promote-global-argument -simplifycfg -mem2reg -globaldce -dce -deadargelim -dce -instcombine -function-inline -globaldce -dce -doublePtrSimplify -doublePtrElim -dce -doublePtrSimplify -promote-dbg-pointer -dce -scalarrepl -dse -adse -instcombine -ptrLegalization -simplifycfg -dce -instcombine -pointer-simplify -ptrArgReplace -dce -instcombine -resolve-double-ptr -scalarrepl -norm-name -dce -mem2reg -instcombine -ptrLegalization -simplifycfg -deadargelim -instcombine -dce -inst-simplify -directive-preproc -mem2reg -dse -dce -globaldce C:/selected_topics_hdmi/pyzq/hw/hls_gray_ip/video_gray_live_prj/solution1/.autopilot/db/a.g.1.bc -o C:/selected_topics_hdmi/pyzq/hw/hls_gray_ip/video_gray_live_prj/solution1/.autopilot/db/a.g.2.prechk.bc -f 
INFO-FLOW: Checking Synthesizability 2/2..
Execute         transform -syn-check C:/selected_topics_hdmi/pyzq/hw/hls_gray_ip/video_gray_live_prj/solution1/.autopilot/db/a.g.2.prechk.bc -o C:/selected_topics_hdmi/pyzq/hw/hls_gray_ip/video_gray_live_prj/solution1/.autopilot/db/a.g.2.bc -f -phase syn-check 
INFO: [HLS 200-111] Finished Checking Synthesizability: CPU user time: 0 seconds. CPU system time: 0 seconds. Elapsed time: 0.062 seconds; current allocated memory: 120.969 MB.
INFO-FLOW: Compiler optimizing ...
INFO-FLOW: Share syncheck's 1.bc for syn flow: copy C:/selected_topics_hdmi/pyzq/hw/hls_gray_ip/video_gray_live_prj/solution1/.autopilot/db/a.g.1.bc to C:/selected_topics_hdmi/pyzq/hw/hls_gray_ip/video_gray_live_prj/solution1/.autopilot/db/a.o.1.bc
INFO-FLOW: Presyn 1...
Execute         transform -hls -tmp C:/selected_topics_hdmi/pyzq/hw/hls_gray_ip/video_gray_live_prj/solution1/.autopilot/db -interface-port-rename -directive-preproc -mem2reg -dse -dce -scalarrepl -norm-name -deadargelim -mem2reg -instcombine -dce -simplifycfg -dce -resource-proc -clib-intrinsic-prepare -dce -func-buffer -dce -pag -array-normalize -func-legal -instcombine -gvn -constprop -dce -simplifycfg -mem2reg -globaldce -resolve-double-ptr -dce -deadargelim -dce -instcombine -ptrArgReplace -mem2reg -dce -array-seg-normalize -deadargelim -instcombine -dce -directive-preproc -mem2reg -dse -dce -pointer-simplify -dce -port-alignment -dce -interface-preproc -data-pack -instcombine -dce -basicaa -aggr-aa -aggrmodref-aa -aggr-aa -gvn -gvn -basicaa -aggr-aa -aggrmodref-aa -aggr-aa -dse -adse -adce -loop-simplify -indvars -instcombine -gvn -loop-simplify -mem2reg -dce -find-region -instcombine -inst-simplify -interface-preproc -cfgopt -instcombine -indvars -auto-loop-unroll -loop-simplify -loop-bound -xunroll -constprop -instcombine -simplifycfg -indvars -simplifycfg -dce -globaldce -clean-region -attach-range -gvn -inst-simplify -constprop -simplifycfg -dce -pointer-simplify -dce -globalopt -constprop -dce -array-promote -scalar-auto-dep-elim -constprop -dce -ptrArgReplace -mem2reg -simplifycfg -dce -instcombine -dce -array-transform-check -array-reshape -instcombine -simplifycfg -dce -ptrArgReplace -deadargelim -mem2reg -instcombine -simplifycfg -dce -indvars -loop-simplify -loop-bound -xunroll -constprop -instcombine -simplifycfg -indvars -simplifycfg -dce -globaldce -basicaa -aggr-aa -aggrmodref-aa -aggr-aa -dse -duplicate-dataflow-processes -globaldce -instcombine -array-partition -prepare-dynamic-array-partition -instcombine -simplifycfg -dce -ptrArgReplace -global-constprop -deadargelim -mem2reg -func-legal -dce -global-constprop -deadargelim -mem2reg -simplifycfg -dce -merge-param -deadargelim -globalopt -constprop -dce -array-promote -scalar-auto-dep-elim -constprop -dce -ptrArgReplace -mem2reg -simplifycfg -dce -mem-intrinsic-preproc -dce -global-internalize -global-privatize -mem2reg -globaldce -promote-global-argument -ptrArgReplace -mem2reg -dce -globalopt -mergereturn -simplify-global-access -mem2reg -dce -pointer-simplify -dce -functionattrs -basicaa -aggr-aa -aggrmodref-aa -aggr-aa -gvn -gvn -basicaa -aggr-aa -aggrmodref-aa -aggr-aa -dse -adse -adce -dce -norm-name -basicaa -aggr-aa -aggrmodref-aa -aggr-aa -accesses-merge -function-inline -complex-op-raise -inst-simplify -globaldce -func-legal -dce -loop-bound -arraycheck -bitwidthmin2 -bitwidthmin2 -on-by-dataflow -loop-delete -instcombine -simplifycfg -globaldce -dce -gvn -deadargelim -dce -loop-simplify -clean-region -simplifycfg -propagate-stable-arguments -loop-stream -instcombine -simplifycfg -dce -globaldce -duplicate-dataflow-processes -stream-intrinsic-preproc -dce -check-ap-stream -loop-simplify -eliminate-keepreads -extract-dataflow-in-loop -loop-simplify -dce -gvn -deadargelim -dse -duplicate-dataflow-processes -check-dataflow-syntax -legalize-stream-variable -globaldce -legalize-global -extract-subproc -dce -dead-channel-elimination -canonicalize-gep -globaldce -dce -gvn -hls-dead-arg-elim -deadargelim -directive-preproc -canonicalize-dataflow -dce -globaldce -scalar-preprocessing -scalar-propagation2 -scalar-stream -deadargelim -globaldce -mem2reg -check-dataflow-channels -function-stream -dce -globaldce -prop-fifo-spec -internal-stream-gen -canonicalize-gep -globaldce -dce -gvn -deadargelim -mergereturn -indvars -loop-simplify -instcombine -array-stream -array-seg-normalize -array-partition -clean-array-spec -func-legal -instcombine -simplifycfg -dce -bundle-memfifo-ops -deadargelim -directive-preproc -mem2reg -dse -dce -group-axi-access -licm -simplifycfg -dce -loop-delete -hls-display -norm-name C:/selected_topics_hdmi/pyzq/hw/hls_gray_ip/video_gray_live_prj/solution1/.autopilot/db/a.o.1.bc -o C:/selected_topics_hdmi/pyzq/hw/hls_gray_ip/video_gray_live_prj/solution1/.autopilot/db/a.o.1.tmp.bc -f 
INFO-FLOW: Presyn 2...
Execute         transform -hls -keep-callgraph -scalarrepl -mem2reg -port-alignment -attach-range -dce -pipe-mux-gen -indvars -loop-bound -inst-simplify -instcombine -dce -merge-array-access -mem2reg -dce -clean-region -mergereturn -if-conv -instcombine -dce -constprop -basicaa -aggr-aa -aggrmodref-aa -aggr-aa -gvn -gvn -basicaa -aggr-aa -aggrmodref-aa -aggr-aa -dse -adse -adce -scalarrepl -mem2reg -global-constprop -deadargelim -deadargelim -instcombine -dce -simplifycfg -ptrArgReplace -mem2reg -function-inline -globaldce -mem2reg -instcombine -dce -expr-balance -instcombine -dce -bitwidthmin2 -bitwidthmin2 -interface-preproc -directive-preproc -inst-rectify -instcombine -dce -functionattrs -constprop -instcombine -bit-constprop -simplify-global-access -globalopt -globaldce -inst-simplify -instcombine -elimdeaddata -dce -loop-delete -simplifycfg -loop-simplify -barrier -norm-name C:/selected_topics_hdmi/pyzq/hw/hls_gray_ip/video_gray_live_prj/solution1/.autopilot/db/a.o.1.tmp.bc -o C:/selected_topics_hdmi/pyzq/hw/hls_gray_ip/video_gray_live_prj/solution1/.autopilot/db/a.o.2.bc -f -phase presyn 
Command         transform done; 0.464 sec.
INFO: [HLS 200-111] Finished Loop, function and other optimizations: CPU user time: 1 seconds. CPU system time: 0 seconds. Elapsed time: 0.568 seconds; current allocated memory: 143.535 MB.
INFO-FLOW: Building ssdm...
Execute         transform -hls -auto-function-inline -globaldce -ptrArgReplace -mem2reg -dce -reset-lda -loop-simplify -indvars -aggr-aa -licm -loop-dep -loop-bound -licm -loop-simplify -loop-sink-hoist -flattenloopnest -array-flatten -gvn -instcombine -dce -array-map -dce -func-legal -gvn -adce -instcombine -cfgopt -simplifycfg-lite -loop-simplify -array-burst -promote-global-argument -dce -array-seg-normalize -basicaa -aggrmodref-aa -globalsmodref-aa -aggr-aa -gvn -gvn -basicaa -aggrmodref-aa -globalsmodref-aa -aggr-aa -dse -adse -adce -licm -inst-simplify -dce -globaldce -instcombine -array-stream -eliminate-keepreads -instcombine -dce -deadargelim -doublePtrSimplify -doublePtrElim -dce -doublePtrSimplify -promote-dbg-pointer -dce -scalarrepl -mem2reg -norm-name -mem2reg -instcombine -dse -adse -adce -ptrLegalization -dce -array-flatten -dce -instcombine -check-doubleptr -loop-rot -constprop -cfgopt -simplifycfg-lite -loop-simplify -indvars -pointer-simplify -dce -loop-bound -loop-simplify -loop-preproc -constprop -global-constprop -gvn -mem2reg -instcombine -dce -loop-bound -loop-merge -dce -deadargelim -dce -canonicalize-dataflow -dce -deadargelim -globaldce -mem2reg -bram-byte-enable -inst-simplify -inst-rectify -instcombine -adce -deadargelim -load-elim -read-loop-dep -loop-simplify -loop-extract-inner -directive-preproc -bitwidthmin2 -bitwidthmin2 -read-loop-dep -interface-preproc -directive-preproc -interface-gen -bram-byte-enable-spec-prop -deadargelim -inst-simplify -dce -mem2reg -instcombine -gvn -dce -adse -loop-bound -instcombine -cfgopt -simplifycfg-lite -loop-simplify -clean-region -io-protocol -find-region -mem2reg -bitop-raise -complex-op-raise -inst-simplify -inst-rectify -instcombine -adce -deadargelim -float-op-raise -loop-simplify -phi-opt -bitop-raise -cfgopt -simplifycfg-lite -strip-dead-prototypes -interface-lower -bitop-lower -intrinsic-lower -auto-function-inline -basicaa -aggrmodref-aa -globalsmodref-aa -aggr-aa -inst-simplify -simplifycfg-lite -loop-simplify -mergereturn -inst-simplify -inst-rectify -globaldce -dce -load-elim -bitop-lower -float-op-raise -fma-raise -loop-rewind -pointer-simplify -dce -cfgopt -dce -loop-bound -loop-dep -read-loop-dep -dce -dyn-mem-reuse -dce -recurrence-min -dce -share-scalar-alloca -deadargelim -dce -check-stream -norm-name -legalize -validate-dataflow -inst-clarity -bitwidth -dce -dump-loop-dep-to-ir -check-all-ssdm -dump-complexity-metric -cdfg-build C:/selected_topics_hdmi/pyzq/hw/hls_gray_ip/video_gray_live_prj/solution1/.autopilot/db/a.o.2.bc -o C:/selected_topics_hdmi/pyzq/hw/hls_gray_ip/video_gray_live_prj/solution1/.autopilot/db/a.o.3.bc -f -phase build-ssdm 
WARNING: [XFORM 203-561] 'VITIS_LOOP_46_1' (video_gray_live.cpp:46:22) in function 'video_gray_live' is an infinite loop.
Execute           auto_get_db
Command         transform done; 0.152 sec.
INFO: [HLS 200-111] Finished Architecture Synthesis: CPU user time: 0 seconds. CPU system time: 1 seconds. Elapsed time: 0.153 seconds; current allocated memory: 143.566 MB.
INFO-FLOW: Finish building internal data model.
Command       opt_and_import_c done; 1.589 sec.
Command     elaborate done; 21.158 sec.
Execute     ap_eval exec zip -j C:/selected_topics_hdmi/pyzq/hw/hls_gray_ip/video_gray_live_prj/solution1/.autopilot/db/dut.hcp $dbDir/a.o.3.bc $dbDir/${topname}.rtl_wrap.cfg.tcl $dbDir/apatb_${topname}.cpp $dbDir/apatb_${topname}_util.cpp $dbDir/apatb_${topname}_ir.ll $dbDir/mapper_${topname}.cpp $dbDir/top-io-fe.xml $dbDir/kernel.internal.xml $workdir/../hls.app 
Command     ap_eval done; 0.441 sec.
Execute     autosyn -from_csynth_design=1 
INFO: [HLS 200-10] Starting hardware synthesis ...
INFO-FLOW: Synthesizing C/C++ design ...
INFO: [HLS 200-10] Synthesizing 'video_gray_live' ...
Execute       ap_set_top_model video_gray_live 
Execute       get_model_list video_gray_live -filter all-wo-channel -topdown 
Execute       preproc_iomode -model video_gray_live 
Execute       get_model_list video_gray_live -filter all-wo-channel 
INFO-FLOW: Model list for configure: video_gray_live
INFO-FLOW: Configuring Module : video_gray_live ...
Execute       set_default_model video_gray_live 
Execute       apply_spec_resource_limit video_gray_live 
INFO-FLOW: Model list for preprocess: video_gray_live
INFO-FLOW: Preprocessing Module: video_gray_live ...
Execute       set_default_model video_gray_live 
Execute       cdfg_preprocess -model video_gray_live 
Execute       rtl_gen_preprocess video_gray_live 
INFO-FLOW: Model list for synthesis: video_gray_live
INFO: [HLS 200-10] ----------------------------------------------------------------
INFO: [HLS 200-42] -- Implementing module 'video_gray_live' 
INFO: [HLS 200-10] ----------------------------------------------------------------
Execute       set_default_model video_gray_live 
Execute       schedule -model video_gray_live 
INFO: [SCHED 204-11] Starting scheduling ...
INFO: [SCHED 204-61] Pipelining loop 'VITIS_LOOP_46_1'.
INFO: [HLS 200-1470] Pipelining result : Target II = 1, Final II = 1, Depth = 2, loop 'VITIS_LOOP_46_1'
WARNING: [HLS 200-871] Estimated clock period (12.880 ns) exceeds the target (target clock period: 10.000 ns, clock uncertainty: 2.700 ns, effective delay budget: 7.300 ns).
WARNING: [HLS 200-1016] The critical path in module 'video_gray_live' consists of the following:
	'icmp' operation 1 bit ('icmp_ln92', video_gray_live.cpp:92) [121]  (1.639 ns)
	'select' operation 4 bit ('region_idx', video_gray_live.cpp:92) [122]  (1.024 ns)
	multiplexor before 'phi' operation 4 bit ('region_idx') with incoming values : ('region_idx', video_gray_live.cpp:92) ('select_ln70_1_cast', video_gray_live.cpp:84) ('select_ln70_cast', video_gray_live.cpp:76) [137]  (2.065 ns)
	'phi' operation 4 bit ('region_idx') with incoming values : ('region_idx', video_gray_live.cpp:92) ('select_ln70_1_cast', video_gray_live.cpp:84) ('select_ln70_cast', video_gray_live.cpp:76) [137]  (0.000 ns)
	'shl' operation 9 bit ('shl_ln100', video_gray_live.cpp:100) [141]  (2.397 ns)
	'or' operation 9 bit ('or_ln100', video_gray_live.cpp:100) [142]  (0.990 ns)
	multiplexor before 'phi' operation 16 bit ('motion_count_accum_loc_2', video_gray_live.cpp:99) with incoming values : ('motion_count_accum_loc_0_load') ('add_ln99', video_gray_live.cpp:99) [146]  (1.588 ns)
	'phi' operation 16 bit ('motion_count_accum_loc_2', video_gray_live.cpp:99) with incoming values : ('motion_count_accum_loc_0_load') ('add_ln99', video_gray_live.cpp:99) [146]  (0.000 ns)
	multiplexor before 'phi' operation 16 bit ('motion_count_accum_loc_3', video_gray_live.cpp:99) with incoming values : ('motion_count_accum_loc_0_load') ('add_ln99', video_gray_live.cpp:99) [155]  (1.588 ns)
	'phi' operation 16 bit ('motion_count_accum_loc_3', video_gray_live.cpp:99) with incoming values : ('motion_count_accum_loc_0_load') ('add_ln99', video_gray_live.cpp:99) [155]  (0.000 ns)
	'store' operation 0 bit ('motion_count_latched_write_ln127', video_gray_live.cpp:127) of variable 'motion_count_accum_loc_3', video_gray_live.cpp:99 on static variable 'motion_count_latched' [178]  (1.588 ns)

INFO: [SCHED 204-11] Finished scheduling.
Command       schedule done; 0.703 sec.
INFO: [HLS 200-111] Finished Scheduling: CPU user time: 0 seconds. CPU system time: 0 seconds. Elapsed time: 1.244 seconds; current allocated memory: 144.059 MB.
Execute       syn_report -verbosereport -o C:/selected_topics_hdmi/pyzq/hw/hls_gray_ip/video_gray_live_prj/solution1/.autopilot/db/video_gray_live.verbose.sched.rpt 
Execute         list_part -family xc7z020-clg400-1 
Execute           ap_family_info -name xc7z020-clg400-1 -data names 
Execute           ap_part_info -quiet -name xc7z020-clg400-1 -data family 
Execute       db_write -o C:/selected_topics_hdmi/pyzq/hw/hls_gray_ip/video_gray_live_prj/solution1/.autopilot/db/video_gray_live.sched.adb -f 
INFO-FLOW: Finish scheduling video_gray_live.
Execute       set_default_model video_gray_live 
Execute       bind -model video_gray_live 
INFO: [BIND 205-100] Starting micro-architecture generation ...
INFO: [BIND 205-101] Performing variable lifetime analysis.
INFO: [BIND 205-101] Exploring resource sharing.
INFO: [BIND 205-101] Binding ...
INFO: [BIND 205-100] Finished micro-architecture generation.
INFO: [HLS 200-111] Finished Binding: CPU user time: 0 seconds. CPU system time: 0 seconds. Elapsed time: 0.115 seconds; current allocated memory: 145.625 MB.
Execute       syn_report -verbosereport -o C:/selected_topics_hdmi/pyzq/hw/hls_gray_ip/video_gray_live_prj/solution1/.autopilot/db/video_gray_live.verbose.bind.rpt 
Execute         list_part -family xc7z020-clg400-1 
Execute           ap_family_info -name xc7z020-clg400-1 -data names 
Execute           ap_part_info -quiet -name xc7z020-clg400-1 -data family 
Execute       db_write -o C:/selected_topics_hdmi/pyzq/hw/hls_gray_ip/video_gray_live_prj/solution1/.autopilot/db/video_gray_live.bind.adb -f 
INFO-FLOW: Finish binding video_gray_live.
Execute       get_model_list video_gray_live -filter all-wo-channel 
INFO-FLOW: Preprocessing for RTLGen ...
Execute       rtl_gen_preprocess video_gray_live 
INFO-FLOW: Model list for RTL generation: video_gray_live
INFO: [HLS 200-10] ----------------------------------------------------------------
INFO: [HLS 200-10] -- Generating RTL for module 'video_gray_live' 
INFO: [HLS 200-10] ----------------------------------------------------------------
Execute       create_rtl_model video_gray_live -top_prefix  -sub_prefix video_gray_live_ -mg_file C:/selected_topics_hdmi/pyzq/hw/hls_gray_ip/video_gray_live_prj/solution1/.autopilot/db/video_gray_live.compgen.tcl 
WARNING: [RTGEN 206-101] Design contains AXI ports. Reset is fixed to synchronous and active low.
INFO: [RTGEN 206-500] Setting interface mode on port 'video_gray_live/in_stream_V_data_V' to 'axis' (register, both mode).
INFO: [RTGEN 206-500] Setting interface mode on port 'video_gray_live/in_stream_V_keep_V' to 'axis' (register, both mode).
INFO: [RTGEN 206-500] Setting interface mode on port 'video_gray_live/in_stream_V_strb_V' to 'axis' (register, both mode).
INFO: [RTGEN 206-500] Setting interface mode on port 'video_gray_live/in_stream_V_user_V' to 'axis' (register, both mode).
INFO: [RTGEN 206-500] Setting interface mode on port 'video_gray_live/in_stream_V_last_V' to 'axis' (register, both mode).
INFO: [RTGEN 206-500] Setting interface mode on port 'video_gray_live/in_stream_V_id_V' to 'axis' (register, both mode).
INFO: [RTGEN 206-500] Setting interface mode on port 'video_gray_live/in_stream_V_dest_V' to 'axis' (register, both mode).
INFO: [RTGEN 206-500] Setting interface mode on port 'video_gray_live/out_stream_V_data_V' to 'axis' (register, both mode).
INFO: [RTGEN 206-500] Setting interface mode on port 'video_gray_live/out_stream_V_keep_V' to 'axis' (register, both mode).
INFO: [RTGEN 206-500] Setting interface mode on port 'video_gray_live/out_stream_V_strb_V' to 'axis' (register, both mode).
INFO: [RTGEN 206-500] Setting interface mode on port 'video_gray_live/out_stream_V_user_V' to 'axis' (register, both mode).
INFO: [RTGEN 206-500] Setting interface mode on port 'video_gray_live/out_stream_V_last_V' to 'axis' (register, both mode).
INFO: [RTGEN 206-500] Setting interface mode on port 'video_gray_live/out_stream_V_id_V' to 'axis' (register, both mode).
INFO: [RTGEN 206-500] Setting interface mode on port 'video_gray_live/out_stream_V_dest_V' to 'axis' (register, both mode).
INFO: [RTGEN 206-500] Setting interface mode on port 'video_gray_live/motion_count_out' to 'ap_none'.
WARNING: [RTGEN 206-101] Port 'motion_count_out' with mode 'ap_none' may require an associated data valid signal to correctly communicate with other blocks or a test bench; automatic C/RTL co-simulation may not be able to verify such a port.
INFO: [RTGEN 206-500] Setting interface mode on function 'video_gray_live' to 'ap_ctrl_none'.
WARNING: [RTGEN 206-101] Register 'y' is power-on initialization.
WARNING: [RTGEN 206-101] Register 'motion_count_accum' is power-on initialization.
WARNING: [RTGEN 206-101] Register 'region_mask_accum' is power-on initialization.
WARNING: [RTGEN 206-101] Register 'first_frame' is power-on initialization.
WARNING: [RTGEN 206-101] Register 'x' is power-on initialization.
WARNING: [RTGEN 206-101] Register 'addr' is power-on initialization.
WARNING: [RTGEN 206-101] Register 'motion_count_latched' is power-on initialization.
WARNING: [RTGEN 206-101] Register 'region_mask_latched' is power-on initialization.
INFO: [RTGEN 206-100] Finished creating RTL model for 'video_gray_live'.
INFO: [RTMG 210-278] Implementing memory 'video_gray_live_prev_frame_RAM_2P_LUTRAM_1R1W' using distributed RAMs.
Command       create_rtl_model done; 0.218 sec.
INFO: [HLS 200-111] Finished Creating RTL model: CPU user time: 0 seconds. CPU system time: 0 seconds. Elapsed time: 0.701 seconds; current allocated memory: 148.387 MB.
Execute       source C:/selected_topics_hdmi/pyzq/hw/hls_gray_ip/video_gray_live_prj/solution1/.autopilot/db/video_gray_live.rtl_wrap.cfg.tcl 
Execute       gen_rtl video_gray_live -istop -style xilinx -f -lang vhdl -o C:/selected_topics_hdmi/pyzq/hw/hls_gray_ip/video_gray_live_prj/solution1/syn/vhdl/video_gray_live 
Command       gen_rtl done; 0.422 sec.
Execute       gen_rtl video_gray_live -istop -style xilinx -f -lang vlog -o C:/selected_topics_hdmi/pyzq/hw/hls_gray_ip/video_gray_live_prj/solution1/syn/verilog/video_gray_live 
Execute       syn_report -csynth -model video_gray_live -o C:/selected_topics_hdmi/pyzq/hw/hls_gray_ip/video_gray_live_prj/solution1/syn/report/video_gray_live_csynth.rpt 
Execute         list_part -family xc7z020-clg400-1 
Execute           ap_family_info -name xc7z020-clg400-1 -data names 
Execute           ap_part_info -quiet -name xc7z020-clg400-1 -data family 
Execute       syn_report -rtlxml -model video_gray_live -o C:/selected_topics_hdmi/pyzq/hw/hls_gray_ip/video_gray_live_prj/solution1/syn/report/video_gray_live_csynth.xml 
Execute         list_part -family xc7z020-clg400-1 
Execute           ap_family_info -name xc7z020-clg400-1 -data names 
Execute           ap_part_info -quiet -name xc7z020-clg400-1 -data family 
Execute       syn_report -verbosereport -model video_gray_live -o C:/selected_topics_hdmi/pyzq/hw/hls_gray_ip/video_gray_live_prj/solution1/.autopilot/db/video_gray_live.verbose.rpt 
Execute         list_part -family xc7z020-clg400-1 
Execute           ap_family_info -name xc7z020-clg400-1 -data names 
Execute           ap_part_info -quiet -name xc7z020-clg400-1 -data family 
Execute       db_write -model video_gray_live -f -o C:/selected_topics_hdmi/pyzq/hw/hls_gray_ip/video_gray_live_prj/solution1/.autopilot/db/video_gray_live.adb 
Execute       db_write -model video_gray_live -bindview -o C:/selected_topics_hdmi/pyzq/hw/hls_gray_ip/video_gray_live_prj/solution1/.autopilot/db/design.bindinfo.xml 
Execute       gen_tb_info video_gray_live -p C:/selected_topics_hdmi/pyzq/hw/hls_gray_ip/video_gray_live_prj/solution1/.autopilot/db -o C:/selected_topics_hdmi/pyzq/hw/hls_gray_ip/video_gray_live_prj/solution1/.autopilot/db/video_gray_live 
Execute       export_constraint_db -f -tool general -o C:/selected_topics_hdmi/pyzq/hw/hls_gray_ip/video_gray_live_prj/solution1/.autopilot/db/video_gray_live.constraint.tcl 
Execute       syn_report -designview -model video_gray_live -o C:/selected_topics_hdmi/pyzq/hw/hls_gray_ip/video_gray_live_prj/solution1/.autopilot/db/video_gray_live.design.xml 
Execute       syn_report -csynthDesign -model video_gray_live -o C:/selected_topics_hdmi/pyzq/hw/hls_gray_ip/video_gray_live_prj/solution1/syn/report/csynth.rpt -MHOut C:/selected_topics_hdmi/pyzq/hw/hls_gray_ip/video_gray_live_prj/solution1/.autopilot/db/kernel_module_hierarchy.tcl 
Execute         list_part -family xc7z020-clg400-1 
Execute           ap_family_info -name xc7z020-clg400-1 -data names 
Execute           ap_part_info -quiet -name xc7z020-clg400-1 -data family 
Execute       syn_report -wcfg -model video_gray_live -o C:/selected_topics_hdmi/pyzq/hw/hls_gray_ip/video_gray_live_prj/solution1/.autopilot/db/video_gray_live_dataflow_ana.wcfg 
Execute       syn_report -protoinst -model video_gray_live -o C:/selected_topics_hdmi/pyzq/hw/hls_gray_ip/video_gray_live_prj/solution1/.autopilot/db/video_gray_live.protoinst 
Execute       sc_get_clocks video_gray_live 
Execute       sc_get_portdomain video_gray_live 
INFO-FLOW: Model list for RTL component generation: video_gray_live
INFO-FLOW: Handling components in module [video_gray_live] ... 
Execute       source C:/selected_topics_hdmi/pyzq/hw/hls_gray_ip/video_gray_live_prj/solution1/.autopilot/db/video_gray_live.compgen.tcl 
INFO-FLOW: Found component video_gray_live_prev_frame_RAM_2P_LUTRAM_1R1W.
INFO-FLOW: Append model video_gray_live_prev_frame_RAM_2P_LUTRAM_1R1W
INFO-FLOW: Found component video_gray_live_regslice_both.
INFO-FLOW: Append model video_gray_live_regslice_both
INFO-FLOW: Found component video_gray_live_regslice_both.
INFO-FLOW: Append model video_gray_live_regslice_both
INFO-FLOW: Found component video_gray_live_regslice_both.
INFO-FLOW: Append model video_gray_live_regslice_both
INFO-FLOW: Found component video_gray_live_regslice_both.
INFO-FLOW: Append model video_gray_live_regslice_both
INFO-FLOW: Found component video_gray_live_regslice_both.
INFO-FLOW: Append model video_gray_live_regslice_both
INFO-FLOW: Found component video_gray_live_regslice_both.
INFO-FLOW: Append model video_gray_live_regslice_both
INFO-FLOW: Found component video_gray_live_regslice_both.
INFO-FLOW: Append model video_gray_live_regslice_both
INFO-FLOW: Found component video_gray_live_regslice_both.
INFO-FLOW: Append model video_gray_live_regslice_both
INFO-FLOW: Found component video_gray_live_regslice_both.
INFO-FLOW: Append model video_gray_live_regslice_both
INFO-FLOW: Found component video_gray_live_regslice_both.
INFO-FLOW: Append model video_gray_live_regslice_both
INFO-FLOW: Found component video_gray_live_regslice_both.
INFO-FLOW: Append model video_gray_live_regslice_both
INFO-FLOW: Found component video_gray_live_regslice_both.
INFO-FLOW: Append model video_gray_live_regslice_both
INFO-FLOW: Found component video_gray_live_regslice_both.
INFO-FLOW: Append model video_gray_live_regslice_both
INFO-FLOW: Found component video_gray_live_regslice_both.
INFO-FLOW: Append model video_gray_live_regslice_both
INFO-FLOW: Append model video_gray_live
INFO-FLOW: Generating RTL model list ...
INFO-FLOW: All models in this session: video_gray_live_prev_frame_RAM_2P_LUTRAM_1R1W video_gray_live_regslice_both video_gray_live_regslice_both video_gray_live_regslice_both video_gray_live_regslice_both video_gray_live_regslice_both video_gray_live_regslice_both video_gray_live_regslice_both video_gray_live_regslice_both video_gray_live_regslice_both video_gray_live_regslice_both video_gray_live_regslice_both video_gray_live_regslice_both video_gray_live_regslice_both video_gray_live_regslice_both video_gray_live
INFO-FLOW: Generating C:/selected_topics_hdmi/pyzq/hw/hls_gray_ip/video_gray_live_prj/solution1/.autopilot/db/autopilot.rtl.models.txt file...
INFO-FLOW: To file: write model video_gray_live_prev_frame_RAM_2P_LUTRAM_1R1W
INFO-FLOW: To file: write model video_gray_live_regslice_both
INFO-FLOW: To file: write model video_gray_live_regslice_both
INFO-FLOW: To file: write model video_gray_live_regslice_both
INFO-FLOW: To file: write model video_gray_live_regslice_both
INFO-FLOW: To file: write model video_gray_live_regslice_both
INFO-FLOW: To file: write model video_gray_live_regslice_both
INFO-FLOW: To file: write model video_gray_live_regslice_both
INFO-FLOW: To file: write model video_gray_live_regslice_both
INFO-FLOW: To file: write model video_gray_live_regslice_both
INFO-FLOW: To file: write model video_gray_live_regslice_both
INFO-FLOW: To file: write model video_gray_live_regslice_both
INFO-FLOW: To file: write model video_gray_live_regslice_both
INFO-FLOW: To file: write model video_gray_live_regslice_both
INFO-FLOW: To file: write model video_gray_live_regslice_both
INFO-FLOW: To file: write model video_gray_live
INFO-FLOW: Generating C:/selected_topics_hdmi/pyzq/hw/hls_gray_ip/video_gray_live_prj/solution1/.autopilot/db/autopilot.rtl.models.tcl file...
INFO-FLOW: Finished generating RTL model list.


INFO-FLOW: RTL Generation done.
INFO-FLOW: CAS Generation done.
INFO-FLOW: CBC Generation done.
INFO-FLOW: DBG:PROC: ::AESL_AUTOMG::auto_generate_csynth_design
INFO-FLOW: DBG:PUTS: read_platform_lib C:/selected_topics_hdmi/pyzq/hw/hls_gray_ip/video_gray_live_prj/solution1/.autopilot/db/global.setting.tcl
Execute       source C:/Xilinx_vitis/Vitis_HLS/2023.2/common/technology/generic/autopilot/common.gen 
Execute         source C:/Xilinx_vitis/Vitis_HLS/2023.2/common/technology/generic/autopilot/APCoreGen.gen 
Command       ap_source done; 0.45 sec.
Execute       source C:/Xilinx_vitis/Vitis_HLS/2023.2/common/technology/generic/autopilot/op.gen 
Execute       source C:/Xilinx_vitis/Vitis_HLS/2023.2/common/technology/generic/autopilot/op_simcore.gen 
Execute       source C:/Xilinx_vitis/Vitis_HLS/2023.2/common/technology/generic/autopilot/interface.gen 
Execute       source C:/selected_topics_hdmi/pyzq/hw/hls_gray_ip/video_gray_live_prj/solution1/.autopilot/db/global.setting.tcl 
Execute       source C:/Xilinx_vitis/Vitis_HLS/2023.2/common/technology/xilinx/common/xilinx.gen 
Execute         source C:/Xilinx_vitis/Vitis_HLS/2023.2/common/technology/xilinx/interface/plb46.gen 
Execute         source C:/Xilinx_vitis/Vitis_HLS/2023.2/common/technology/xilinx/interface/axi4.gen 
Execute         source C:/Xilinx_vitis/Vitis_HLS/2023.2/common/technology/xilinx/interface/nativeAXI4.gen 
Execute           source C:/Xilinx_vitis/Vitis_HLS/2023.2/common/technology/xilinx/interface/saxilite.gen 
Execute         source C:/Xilinx_vitis/Vitis_HLS/2023.2/common/technology/xilinx/scripts/xilinxcoregen.gen 
Execute         source C:/Xilinx_vitis/Vitis_HLS/2023.2/common/technology/xilinx/interface/XilEDKCoreGen.gen 
Execute         source C:/Xilinx_vitis/Vitis_HLS/2023.2/common/technology/xilinx/ip/dds_compiler.gen 
Execute         source C:/Xilinx_vitis/Vitis_HLS/2023.2/common/technology/xilinx/ip/util.gen 
Execute         source C:/Xilinx_vitis/Vitis_HLS/2023.2/common/technology/xilinx/ip/xfft.gen 
Execute         source C:/Xilinx_vitis/Vitis_HLS/2023.2/common/technology/xilinx/ip/xfir.gen 
Execute         source C:/Xilinx_vitis/Vitis_HLS/2023.2/common/technology/xilinx/DSP48/dsp48.gen 
Command       ap_source done; 0.112 sec.
INFO-FLOW: DBG:PUTS:   using AESL_AUTOCG::g_clock_period=10.000 (was NA)
INFO-FLOW: DBG:PROC: ::AESL_AUTOMG::generate_ip_cores gen_sim_model='1' gen_fp_models='0' gen_for_export='0' dstSCDir='' dstVhdlDir='C:/selected_topics_hdmi/pyzq/hw/hls_gray_ip/video_gray_live_prj/solution1/.autopilot/db/vhdl' dstVlogDir='C:/selected_topics_hdmi/pyzq/hw/hls_gray_ip/video_gray_live_prj/solution1/.autopilot/db/vlog' tclDir='C:/selected_topics_hdmi/pyzq/hw/hls_gray_ip/video_gray_live_prj/solution1/.autopilot/db' modelList='video_gray_live_prev_frame_RAM_2P_LUTRAM_1R1W
video_gray_live_regslice_both
video_gray_live_regslice_both
video_gray_live_regslice_both
video_gray_live_regslice_both
video_gray_live_regslice_both
video_gray_live_regslice_both
video_gray_live_regslice_both
video_gray_live_regslice_both
video_gray_live_regslice_both
video_gray_live_regslice_both
video_gray_live_regslice_both
video_gray_live_regslice_both
video_gray_live_regslice_both
video_gray_live_regslice_both
video_gray_live
' expOnly='0'
Execute       source C:/selected_topics_hdmi/pyzq/hw/hls_gray_ip/video_gray_live_prj/solution1/.autopilot/db/global.setting.tcl 
Execute       ap_part_info -name xc7z020-clg400-1 -data names -quiet 
Execute       ap_part_info -name xc7z020-clg400-1 -data info -quiet 
Execute       source C:/selected_topics_hdmi/pyzq/hw/hls_gray_ip/video_gray_live_prj/solution1/.autopilot/db/global.setting.tcl 
Execute       source C:/selected_topics_hdmi/pyzq/hw/hls_gray_ip/video_gray_live_prj/solution1/.autopilot/db/global.setting.tcl 
Execute       source C:/selected_topics_hdmi/pyzq/hw/hls_gray_ip/video_gray_live_prj/solution1/.autopilot/db/video_gray_live.compgen.tcl 
INFO: [HLS 200-111] Finished Generating all RTL models: CPU user time: 0 seconds. CPU system time: 0 seconds. Elapsed time: 1.871 seconds; current allocated memory: 155.191 MB.
INFO-FLOW: DBG:PROC: ::HLSREPORTS::create_csynth_xml bind_info_var='bind_info' RtlSubPrefix='video_gray_live_' outfile=''
INFO-FLOW: Running: create_csynth_xml read xml data
INFO-FLOW: Done: create_csynth_xml read xml data time: 0 seconds per iteration
INFO-FLOW: Running: create_csynth_xml bind info
INFO-FLOW: Done: create_csynth_xml bind info time: 0 seconds per iteration
INFO-FLOW: Running: create_csynth_xml config info
INFO-FLOW: Done: create_csynth_xml config info time: 0.4 seconds per iteration
INFO-FLOW: Running: create_csynth_xml write xml
INFO-FLOW: Done: create_csynth_xml write xml time: 0 seconds per iteration
INFO-FLOW: DBG:PUTS:      create_csynth_xml wrote csynth_xml=C:/selected_topics_hdmi/pyzq/hw/hls_gray_ip/video_gray_live_prj/solution1/syn/report/csynth.xml
INFO-FLOW: DBG:PROC: ::AP::DESIGN_DATA::generate_json generate_bd_files='0' generate_xo_files='0' modelList='video_gray_live_prev_frame_RAM_2P_LUTRAM_1R1W
video_gray_live_regslice_both
video_gray_live_regslice_both
video_gray_live_regslice_both
video_gray_live_regslice_both
video_gray_live_regslice_both
video_gray_live_regslice_both
video_gray_live_regslice_both
video_gray_live_regslice_both
video_gray_live_regslice_both
video_gray_live_regslice_both
video_gray_live_regslice_both
video_gray_live_regslice_both
video_gray_live_regslice_both
video_gray_live_regslice_both
video_gray_live
' rtl_lang='both' bootstrap_tcl='false' outdir='' outfilename=''
Execute       source C:/selected_topics_hdmi/pyzq/hw/hls_gray_ip/video_gray_live_prj/solution1/.autopilot/db/global.setting.tcl 
Execute       source C:/selected_topics_hdmi/pyzq/hw/hls_gray_ip/video_gray_live_prj/solution1/.autopilot/db/global.setting.tcl 
Execute       source C:/selected_topics_hdmi/pyzq/hw/hls_gray_ip/video_gray_live_prj/solution1/.autopilot/db/top-io-be.tcl 
Execute       source C:/selected_topics_hdmi/pyzq/hw/hls_gray_ip/video_gray_live_prj/solution1/.autopilot/db/video_gray_live.tbgen.tcl 
Execute       source C:/selected_topics_hdmi/pyzq/hw/hls_gray_ip/video_gray_live_prj/solution1/.autopilot/db/video_gray_live.rtl_wrap.cfg.tcl 
Execute       source C:/selected_topics_hdmi/pyzq/hw/hls_gray_ip/video_gray_live_prj/solution1/.autopilot/db/video_gray_live.compgen.dataonly.tcl 
Execute       source C:/selected_topics_hdmi/pyzq/hw/hls_gray_ip/video_gray_live_prj/solution1/.autopilot/db/video_gray_live.tbgen.tcl 
Execute       source C:/selected_topics_hdmi/pyzq/hw/hls_gray_ip/video_gray_live_prj/solution1/.autopilot/db/global.setting.tcl 
Execute       ap_part_info -name xc7z020-clg400-1 -data names -quiet 
Execute       ap_part_info -name xc7z020-clg400-1 -data info -quiet 
Execute       source C:/selected_topics_hdmi/pyzq/hw/hls_gray_ip/video_gray_live_prj/solution1/.autopilot/db/video_gray_live.constraint.tcl 
Execute       sc_get_clocks video_gray_live 
Execute       source C:/selected_topics_hdmi/pyzq/hw/hls_gray_ip/video_gray_live_prj/solution1/.autopilot/db/global.setting.tcl 
INFO-FLOW: DBG:PROC: ::HLSREPORTS::add_csynth_report_sections bind_info_dict='adapter_nodes {} report_dict {TOPINST video_gray_live MODULE2INSTS {video_gray_live video_gray_live} INST2MODULE {video_gray_live video_gray_live} INSTDATA {video_gray_live {DEPTH 1 CHILDREN {}}} MODULEDATA {video_gray_live {BINDINFO {{BINDTYPE op ID {} IMPL fabric LATENCY 0 OPTYPE add PRAGMA {} RTLNAME add_ln99_fu_707_p2 SOURCE video_gray_live.cpp:99 VARIABLE add_ln99 LOOP VITIS_LOOP_46_1 BUNDLEDNAME {} DSP 0 BRAM 0 URAM 0 STORAGESUBTYPE {} DISPNAME {bind_op add}} {BINDTYPE op ID {} IMPL fabric LATENCY 0 OPTYPE add PRAGMA {} RTLNAME add_ln108_fu_559_p2 SOURCE video_gray_live.cpp:108 VARIABLE add_ln108 LOOP VITIS_LOOP_46_1 BUNDLEDNAME {} DSP 0 BRAM 0 URAM 0 STORAGESUBTYPE {} DISPNAME {bind_op add}} {BINDTYPE op ID {} IMPL fabric LATENCY 0 OPTYPE add PRAGMA {} RTLNAME add_ln134_fu_600_p2 SOURCE video_gray_live.cpp:134 VARIABLE add_ln134 LOOP VITIS_LOOP_46_1 BUNDLEDNAME {} DSP 0 BRAM 0 URAM 0 STORAGESUBTYPE {} DISPNAME {bind_op add}} {BINDTYPE op ID {} IMPL fabric LATENCY 0 OPTYPE add PRAGMA {} RTLNAME add_ln131_fu_624_p2 SOURCE video_gray_live.cpp:131 VARIABLE add_ln131 LOOP VITIS_LOOP_46_1 BUNDLEDNAME {} DSP 0 BRAM 0 URAM 0 STORAGESUBTYPE {} DISPNAME {bind_op add}} {BINDTYPE storage ID {} IMPL lutram LATENCY 1 OPTYPE ram_2p PRAGMA pragma RTLNAME prev_frame_U SOURCE {} VARIABLE prev_frame LOOP {} BUNDLEDNAME {} DSP 0 BRAM 0 URAM 0 STORAGESUBTYPE {} STORAGESIZE {1 57600 1} STORAGEUSAGE ram_2p DISPNAME {bind_storage ram_2p}}} AREA {DSP 0 BRAM 0 URAM 0}}}}'
INFO-FLOW: DBG:PUTS:      update_csynth_reports json2rpt_hw_sw_interfaces
INFO-FLOW: Running: gen_csynth_sec_pragma
INFO-FLOW: Done: gen_csynth_sec_pragma time: 0 seconds per iteration
INFO-FLOW: DBG:PUTS:      update_csynth_reports wrote xml
INFO-FLOW: DBG:PUTS:      update_csynth_reports appended to csynth rpt file
INFO: [HLS 200-111] Finished Updating report files: CPU user time: 1 seconds. CPU system time: 0 seconds. Elapsed time: 0.919 seconds; current allocated memory: 159.539 MB.
INFO: [VHDL 208-304] Generating VHDL RTL for video_gray_live.
INFO: [VLOG 209-307] Generating Verilog RTL for video_gray_live.
Execute       syn_report -model video_gray_live -printsummary 
INFO: [HLS 200-790] **** Loop Constraint Status: All loop constraints were satisfied.
INFO: [HLS 200-789] **** Estimated Fmax: 77.64 MHz
Command       syn_report done; 0.368 sec.
Command     autosyn done; 4.792 sec.
Command   csynth_design done; 26.623 sec.
INFO: [HLS 200-111] Finished Command csynth_design CPU user time: 2 seconds. CPU system time: 1 seconds. Elapsed time: 26.623 seconds; current allocated memory: 50.113 MB.
Command ap_source done; 27.451 sec.
Execute cleanup_all 
INFO-FLOW: Workspace C:/selected_topics_hdmi/pyzq/hw/hls_gray_ip/video_gray_live_prj/solution1 opened at Sat May 09 01:13:11 -0400 2026
Execute     ap_set_clock -name default -period 10 -default=false 
INFO: [SYN 201-201] Setting up clock 'default' with a period of 10ns.
Execute     set_part xc7z020-clg400-1 
Execute       create_platform xc7z020-clg400-1 -board  
DBG:HLSDevice: Trying to load device library: C:/Xilinx_vitis/Vitis_HLS/2023.2\lib\win64.o\xv_hlsvwrap.dll
DBG:HLSDevice: first parts/arch.xml in RDI_DATADIR: C:/Xilinx_vitis/Vivado/2023.2/data/parts/arch.xml
DBG:HLSDevice: init success
INFO: [HLS 200-1611] Setting target device to 'xc7z020-clg400-1'
Command       create_platform done; 0.222 sec.
Execute       source C:/Xilinx_vitis/Vitis_HLS/2023.2/common/technology/xilinx/common/xilinx.gen 
Execute         source C:/Xilinx_vitis/Vitis_HLS/2023.2/common/technology/xilinx/interface/plb46.gen 
Execute         source C:/Xilinx_vitis/Vitis_HLS/2023.2/common/technology/xilinx/interface/axi4.gen 
Execute         source C:/Xilinx_vitis/Vitis_HLS/2023.2/common/technology/xilinx/interface/nativeAXI4.gen 
Execute           source C:/Xilinx_vitis/Vitis_HLS/2023.2/common/technology/xilinx/interface/saxilite.gen 
Execute         source C:/Xilinx_vitis/Vitis_HLS/2023.2/common/technology/xilinx/scripts/xilinxcoregen.gen 
Execute         source C:/Xilinx_vitis/Vitis_HLS/2023.2/common/technology/xilinx/interface/XilEDKCoreGen.gen 
Execute         source C:/Xilinx_vitis/Vitis_HLS/2023.2/common/technology/xilinx/ip/dds_compiler.gen 
Execute         source C:/Xilinx_vitis/Vitis_HLS/2023.2/common/technology/xilinx/ip/util.gen 
Execute         source C:/Xilinx_vitis/Vitis_HLS/2023.2/common/technology/xilinx/ip/xfft.gen 
Execute         source C:/Xilinx_vitis/Vitis_HLS/2023.2/common/technology/xilinx/ip/xfir.gen 
Execute         source C:/Xilinx_vitis/Vitis_HLS/2023.2/common/technology/xilinx/DSP48/dsp48.gen 
Execute       ap_part_info -name xc7z020-clg400-1 -data info 
Execute       config_compile -quiet -complex-mul-dsp=0 
Command     set_part done; 0.28 sec.
Execute     send_msg_by_id INFO @200-1505@%s%s  vivado 
INFO: [HLS 200-1505] Using flow_target 'vivado'
Execute     send_msg_by_id INFO @200-1464@%s config_export -format=ip_catalog 
INFO: [HLS 200-1464] Running solution command: config_export -format=ip_catalog
Execute     config_export -format=ip_catalog 
Execute     send_msg_by_id INFO @200-1464@%s config_export -output=C:/selected_topics_hdmi/pyzq/hw/hls_gray_ip/hls_export 
INFO: [HLS 200-1464] Running solution command: config_export -output=C:/selected_topics_hdmi/pyzq/hw/hls_gray_ip/hls_export
Execute     config_export -output=C:/selected_topics_hdmi/pyzq/hw/hls_gray_ip/hls_export 
Execute     send_msg_by_id INFO @200-1464@%s config_export -rtl=verilog 
INFO: [HLS 200-1464] Running solution command: config_export -rtl=verilog
Execute     config_export -rtl=verilog 
Command   open_solution done; 0.335 sec.
Execute   set_part xc7z020-clg400-1 
INFO: [HLS 200-1510] Running: set_part xc7z020-clg400-1 
Execute     create_platform xc7z020-clg400-1 -board  
Execute     source C:/Xilinx_vitis/Vitis_HLS/2023.2/common/technology/xilinx/common/xilinx.gen 
Execute       source C:/Xilinx_vitis/Vitis_HLS/2023.2/common/technology/xilinx/interface/plb46.gen 
Execute       source C:/Xilinx_vitis/Vitis_HLS/2023.2/common/technology/xilinx/interface/axi4.gen 
Execute       source C:/Xilinx_vitis/Vitis_HLS/2023.2/common/technology/xilinx/interface/nativeAXI4.gen 
Execute         source C:/Xilinx_vitis/Vitis_HLS/2023.2/common/technology/xilinx/interface/saxilite.gen 
Execute       source C:/Xilinx_vitis/Vitis_HLS/2023.2/common/technology/xilinx/scripts/xilinxcoregen.gen 
Execute       source C:/Xilinx_vitis/Vitis_HLS/2023.2/common/technology/xilinx/interface/XilEDKCoreGen.gen 
Execute       source C:/Xilinx_vitis/Vitis_HLS/2023.2/common/technology/xilinx/ip/dds_compiler.gen 
Execute       source C:/Xilinx_vitis/Vitis_HLS/2023.2/common/technology/xilinx/ip/util.gen 
Execute       source C:/Xilinx_vitis/Vitis_HLS/2023.2/common/technology/xilinx/ip/xfft.gen 
Execute       source C:/Xilinx_vitis/Vitis_HLS/2023.2/common/technology/xilinx/ip/xfir.gen 
Execute       source C:/Xilinx_vitis/Vitis_HLS/2023.2/common/technology/xilinx/DSP48/dsp48.gen 
Execute     ap_part_info -name xc7z020-clg400-1 -data info 
Execute     config_compile -quiet -complex-mul-dsp=0 
Command   set_part done; 0.102 sec.
Execute   create_clock -period 10 -name default 
INFO: [HLS 200-1510] Running: create_clock -period 10 -name default 
Execute   config_export -format ip_catalog -output C:/selected_topics_hdmi/pyzq/hw/hls_gray_ip/hls_export -rtl verilog 
INFO: [HLS 200-1510] Running: config_export -format ip_catalog -output C:/selected_topics_hdmi/pyzq/hw/hls_gray_ip/hls_export -rtl verilog 
Execute   source ./video_gray_live_prj/solution1/directives.tcl 
INFO: [HLS 200-1510] Running: source ./video_gray_live_prj/solution1/directives.tcl
Execute     set_directive_top -name video_gray_live video_gray_live 
INFO: [HLS 200-1510] Running: set_directive_top -name video_gray_live video_gray_live 
Execute   export_design -rtl verilog -format ip_catalog -output C:/selected_topics_hdmi/pyzq/hw/hls_gray_ip/hls_export 
INFO: [HLS 200-1510] Running: export_design -rtl verilog -format ip_catalog -output C:/selected_topics_hdmi/pyzq/hw/hls_gray_ip/hls_export 
Execute     config_export -format=ip_catalog -output=C:/selected_topics_hdmi/pyzq/hw/hls_gray_ip/hls_export -rtl=verilog 
INFO-FLOW: DBG:PUTS: export_design_wrap: -format ip_catalog -rtl verilog
Execute     source C:/selected_topics_hdmi/pyzq/hw/hls_gray_ip/video_gray_live_prj/solution1/.autopilot/db/global.setting.tcl 
INFO-FLOW: DBG:PUTS:   auto_impl: pack: -export -rtl verilog
INFO-FLOW: DBG:PROC: ::AESL_AUTOIMPL::auto_impl args='-export -rtl verilog'
Execute     source C:/selected_topics_hdmi/pyzq/hw/hls_gray_ip/video_gray_live_prj/solution1/.autopilot/db/global.setting.tcl 
INFO: [IMPL 213-8] Exporting RTL as a Vivado IP.
INFO-FLOW: DBG:PUTS: automg_wrap -export -pcore_version 1.00.a -rtl vlog -tool Vivado -impltomg_flag
INFO-FLOW: DBG:PROC: ::AESL_AUTOMG::auto_generate args='-export -pcore_version 1.00.a -rtl vlog -tool Vivado -impltomg_flag'
INFO-FLOW: DBG:PUTS:     auto_generate -export -pcore_version 1.00.a -rtl vlog -tool Vivado -impltomg_flag
Execute     source C:/selected_topics_hdmi/pyzq/hw/hls_gray_ip/video_gray_live_prj/solution1/.autopilot/db/global.setting.tcl 
INFO-FLOW: DBG:PUTS: read_platform_lib C:/selected_topics_hdmi/pyzq/hw/hls_gray_ip/video_gray_live_prj/solution1/.autopilot/db/global.setting.tcl
Execute     source C:/Xilinx_vitis/Vitis_HLS/2023.2/common/technology/generic/autopilot/common.gen 
Execute       source C:/Xilinx_vitis/Vitis_HLS/2023.2/common/technology/generic/autopilot/APCoreGen.gen 
Execute     source C:/Xilinx_vitis/Vitis_HLS/2023.2/common/technology/generic/autopilot/op.gen 
Execute     source C:/Xilinx_vitis/Vitis_HLS/2023.2/common/technology/generic/autopilot/op_simcore.gen 
Execute     source C:/Xilinx_vitis/Vitis_HLS/2023.2/common/technology/generic/autopilot/interface.gen 
Execute     source C:/selected_topics_hdmi/pyzq/hw/hls_gray_ip/video_gray_live_prj/solution1/.autopilot/db/global.setting.tcl 
Execute     source C:/Xilinx_vitis/Vitis_HLS/2023.2/common/technology/xilinx/common/xilinx.gen 
Execute       source C:/Xilinx_vitis/Vitis_HLS/2023.2/common/technology/xilinx/interface/plb46.gen 
Execute       source C:/Xilinx_vitis/Vitis_HLS/2023.2/common/technology/xilinx/interface/axi4.gen 
Execute       source C:/Xilinx_vitis/Vitis_HLS/2023.2/common/technology/xilinx/interface/nativeAXI4.gen 
Execute         source C:/Xilinx_vitis/Vitis_HLS/2023.2/common/technology/xilinx/interface/saxilite.gen 
Execute       source C:/Xilinx_vitis/Vitis_HLS/2023.2/common/technology/xilinx/scripts/xilinxcoregen.gen 
Execute       source C:/Xilinx_vitis/Vitis_HLS/2023.2/common/technology/xilinx/interface/XilEDKCoreGen.gen 
Execute       source C:/Xilinx_vitis/Vitis_HLS/2023.2/common/technology/xilinx/ip/dds_compiler.gen 
Execute       source C:/Xilinx_vitis/Vitis_HLS/2023.2/common/technology/xilinx/ip/util.gen 
Execute       source C:/Xilinx_vitis/Vitis_HLS/2023.2/common/technology/xilinx/ip/xfft.gen 
Execute       source C:/Xilinx_vitis/Vitis_HLS/2023.2/common/technology/xilinx/ip/xfir.gen 
Execute       source C:/Xilinx_vitis/Vitis_HLS/2023.2/common/technology/xilinx/DSP48/dsp48.gen 
INFO-FLOW: DBG:PUTS:   using AESL_AUTOCG::g_clock_period=10.000 (was NA)
INFO-FLOW: DBG:PUTS:       initCTypeInfo top_module=video_gray_live xml_exists=0
Execute     source C:/selected_topics_hdmi/pyzq/hw/hls_gray_ip/video_gray_live_prj/solution1/.autopilot/db/video_gray_live.rtl_wrap.cfg.tcl 
Execute     source C:/selected_topics_hdmi/pyzq/hw/hls_gray_ip/video_gray_live_prj/solution1/.autopilot/db/video_gray_live.rtl_wrap.cfg.tcl 
Execute     source C:/selected_topics_hdmi/pyzq/hw/hls_gray_ip/video_gray_live_prj/solution1/.autopilot/db/video_gray_live.rtl_wrap.cfg.tcl 
Execute     source C:/selected_topics_hdmi/pyzq/hw/hls_gray_ip/video_gray_live_prj/solution1/.autopilot/db/video_gray_live.tbgen.tcl 
Execute     source C:/selected_topics_hdmi/pyzq/hw/hls_gray_ip/video_gray_live_prj/solution1/.autopilot/db/video_gray_live.tbgen.tcl 
Execute     source C:/selected_topics_hdmi/pyzq/hw/hls_gray_ip/video_gray_live_prj/solution1/.autopilot/db/global.setting.tcl 
Execute     source C:/selected_topics_hdmi/pyzq/hw/hls_gray_ip/video_gray_live_prj/solution1/.autopilot/db/video_gray_live.tbgen.tcl 
INFO-FLOW: DBG:PUTS:       cosim_export_main adding deadlock detection to video_gray_live
INFO-FLOW: DBG:PUTS: Skipping loadAnalyze_DB, #g_database=15
INFO-FLOW: DBG:PUTS:       generate_json generate_bd_files=0 generate_xo_files=false #modelList=16 #gSsdmPorts=0
INFO-FLOW: DBG:PROC: ::AP::DESIGN_DATA::generate_json generate_bd_files='0' generate_xo_files='false' modelList='video_gray_live_prev_frame_RAM_2P_LUTRAM_1R1W
video_gray_live_regslice_both
video_gray_live_regslice_both
video_gray_live_regslice_both
video_gray_live_regslice_both
video_gray_live_regslice_both
video_gray_live_regslice_both
video_gray_live_regslice_both
video_gray_live_regslice_both
video_gray_live_regslice_both
video_gray_live_regslice_both
video_gray_live_regslice_both
video_gray_live_regslice_both
video_gray_live_regslice_both
video_gray_live_regslice_both
video_gray_live
' rtl_lang='vlog' bootstrap_tcl='false' outdir='' outfilename=''
Execute     source C:/Xilinx_vitis/Vitis_HLS/2023.2/tps/tcl/tcllib1.11.1/yaml/huddle.tcl 
Execute     source C:/Xilinx_vitis/Vitis_HLS/2023.2/tps/tcl/tcllib1.11.1/yaml/json2huddle.tcl 
Execute       source C:/Xilinx_vitis/Vitis_HLS/2023.2/tps/tcl/tcllib1.11.1/try/try.tcl 
Execute     source C:/selected_topics_hdmi/pyzq/hw/hls_gray_ip/video_gray_live_prj/solution1/.autopilot/db/global.setting.tcl 
Execute     source C:/selected_topics_hdmi/pyzq/hw/hls_gray_ip/video_gray_live_prj/solution1/.autopilot/db/global.setting.tcl 
Execute     source C:/selected_topics_hdmi/pyzq/hw/hls_gray_ip/video_gray_live_prj/solution1/.autopilot/db/top-io-be.tcl 
Execute     source C:/selected_topics_hdmi/pyzq/hw/hls_gray_ip/video_gray_live_prj/solution1/.autopilot/db/video_gray_live.tbgen.tcl 
Execute     source C:/selected_topics_hdmi/pyzq/hw/hls_gray_ip/video_gray_live_prj/solution1/.autopilot/db/video_gray_live.rtl_wrap.cfg.tcl 
Execute     source C:/selected_topics_hdmi/pyzq/hw/hls_gray_ip/video_gray_live_prj/solution1/.autopilot/db/video_gray_live.compgen.dataonly.tcl 
Execute     source C:/selected_topics_hdmi/pyzq/hw/hls_gray_ip/video_gray_live_prj/solution1/.autopilot/db/video_gray_live.tbgen.tcl 
Execute     source C:/selected_topics_hdmi/pyzq/hw/hls_gray_ip/video_gray_live_prj/solution1/.autopilot/db/global.setting.tcl 
Execute     ap_part_info -name xc7z020-clg400-1 -data names -quiet 
Execute     ap_part_info -name xc7z020-clg400-1 -data info -quiet 
Execute     source C:/selected_topics_hdmi/pyzq/hw/hls_gray_ip/video_gray_live_prj/solution1/.autopilot/db/video_gray_live.constraint.tcl 
Execute     sc_get_clocks video_gray_live 
Execute     source C:/selected_topics_hdmi/pyzq/hw/hls_gray_ip/video_gray_live_prj/solution1/.autopilot/db/global.setting.tcl 
Execute     source C:/selected_topics_hdmi/pyzq/hw/hls_gray_ip/video_gray_live_prj/solution1/.autopilot/db/global.setting.tcl 
Execute     source C:/selected_topics_hdmi/pyzq/hw/hls_gray_ip/video_gray_live_prj/solution1/.autopilot/db/video_gray_live.tbgen.tcl 
INFO-FLOW: DBG:PUTS:       cosim_export_main adding deadlock detection to video_gray_live
INFO-FLOW: DBG:PUTS:       generate_ip_script #gSsdmPorts=0 g_lang=vlog is_sdaccel=false is_sdsoc=true xo_file=
Execute     ap_part_info -name xc7z020-clg400-1 -data names -quiet 
Execute     ap_part_info -name xc7z020-clg400-1 -data info -quiet 
Execute     ap_part_info -name xc7z020-clg400-1 -data names -quiet 
Execute     ap_part_info -name xc7z020-clg400-1 -data info -quiet 
Execute     source C:/selected_topics_hdmi/pyzq/hw/hls_gray_ip/video_gray_live_prj/solution1/.autopilot/db/video_gray_live.tbgen.tcl 
Execute     source C:/selected_topics_hdmi/pyzq/hw/hls_gray_ip/video_gray_live_prj/solution1/.autopilot/db/video_gray_live.tbgen.tcl 
Execute     source C:/selected_topics_hdmi/pyzq/hw/hls_gray_ip/video_gray_live_prj/solution1/.autopilot/db/video_gray_live.tbgen.tcl 
Execute     source C:/selected_topics_hdmi/pyzq/hw/hls_gray_ip/video_gray_live_prj/solution1/.autopilot/db/video_gray_live.tbgen.tcl 
Execute     source C:/selected_topics_hdmi/pyzq/hw/hls_gray_ip/video_gray_live_prj/solution1/.autopilot/db/video_gray_live.tbgen.tcl 
Execute     source C:/selected_topics_hdmi/pyzq/hw/hls_gray_ip/video_gray_live_prj/solution1/.autopilot/db/video_gray_live.tbgen.tcl 
Execute     source C:/selected_topics_hdmi/pyzq/hw/hls_gray_ip/video_gray_live_prj/solution1/.autopilot/db/video_gray_live.tbgen.tcl 
Execute     source C:/selected_topics_hdmi/pyzq/hw/hls_gray_ip/video_gray_live_prj/solution1/.autopilot/db/video_gray_live.tbgen.tcl 
Execute     source C:/selected_topics_hdmi/pyzq/hw/hls_gray_ip/video_gray_live_prj/solution1/.autopilot/db/video_gray_live.tbgen.tcl 
Execute     source C:/selected_topics_hdmi/pyzq/hw/hls_gray_ip/video_gray_live_prj/solution1/.autopilot/db/global.setting.tcl 
INFO-FLOW: DBG:PUTS:       generate_top_info
INFO-FLOW: DBG:PUTS:       prepArgInfo -> loadAnalyze_DB top_module=video_gray_live
Execute     source C:/selected_topics_hdmi/pyzq/hw/hls_gray_ip/video_gray_live_prj/solution1/.autopilot/db/video_gray_live.rtl_wrap.cfg.tcl 
Execute     source C:/selected_topics_hdmi/pyzq/hw/hls_gray_ip/video_gray_live_prj/solution1/.autopilot/db/video_gray_live.rtl_wrap.cfg.tcl 
Execute     source C:/selected_topics_hdmi/pyzq/hw/hls_gray_ip/video_gray_live_prj/solution1/.autopilot/db/video_gray_live.rtl_wrap.cfg.tcl 
Execute     source C:/selected_topics_hdmi/pyzq/hw/hls_gray_ip/video_gray_live_prj/solution1/.autopilot/db/video_gray_live.tbgen.tcl 
Execute     source C:/selected_topics_hdmi/pyzq/hw/hls_gray_ip/video_gray_live_prj/solution1/.autopilot/db/video_gray_live.tbgen.tcl 
Execute     ap_part_info -name xc7z020-clg400-1 -data names -quiet 
Execute     ap_part_info -name xc7z020-clg400-1 -data info -quiet 
Execute     ap_part_info -name xc7z020-clg400-1 -data names -quiet 
Execute     ap_part_info -name xc7z020-clg400-1 -data info -quiet 
Execute     source C:/selected_topics_hdmi/pyzq/hw/hls_gray_ip/video_gray_live_prj/solution1/.autopilot/db/video_gray_live.tbgen.tcl 
Execute     source C:/selected_topics_hdmi/pyzq/hw/hls_gray_ip/video_gray_live_prj/solution1/.autopilot/db/global.setting.tcl 
Execute     source C:/selected_topics_hdmi/pyzq/hw/hls_gray_ip/video_gray_live_prj/solution1/.autopilot/db/video_gray_live.constraint.tcl 
INFO-FLOW: DBG:PUTS:       generate_syn_sh
Execute     ap_part_info -name xc7z020-clg400-1 -data names -quiet 
Execute     ap_part_info -name xc7z020-clg400-1 -data info -quiet 
Execute     source C:/selected_topics_hdmi/pyzq/hw/hls_gray_ip/video_gray_live_prj/solution1/.autopilot/db/global.setting.tcl 
INFO-FLOW: DBG:PUTS:       generate_imp_constraints
Execute     ap_part_info -name xc7z020-clg400-1 -data names -quiet 
Execute     ap_part_info -name xc7z020-clg400-1 -data info -quiet 
Execute     source C:/selected_topics_hdmi/pyzq/hw/hls_gray_ip/video_gray_live_prj/solution1/.autopilot/db/video_gray_live.constraint.tcl 
Execute     source C:/selected_topics_hdmi/pyzq/hw/hls_gray_ip/video_gray_live_prj/solution1/.autopilot/db/video_gray_live.tbgen.tcl 
INFO-FLOW: DBG:PUTS:       delete-temp-dirs (skipped for debug)
Execute     ap_part_info -name xc7z020-clg400-1 -data names -quiet 
Execute     ap_part_info -name xc7z020-clg400-1 -data info -quiet 
INFO-FLOW: DBG:PUTS: read_platform_lib C:/selected_topics_hdmi/pyzq/hw/hls_gray_ip/video_gray_live_prj/solution1/.autopilot/db/global.setting.tcl
Execute     source C:/Xilinx_vitis/Vitis_HLS/2023.2/common/technology/generic/autopilot/common.gen 
Execute       source C:/Xilinx_vitis/Vitis_HLS/2023.2/common/technology/generic/autopilot/APCoreGen.gen 
Execute     source C:/Xilinx_vitis/Vitis_HLS/2023.2/common/technology/generic/autopilot/op.gen 
Execute     source C:/Xilinx_vitis/Vitis_HLS/2023.2/common/technology/generic/autopilot/op_simcore.gen 
Execute     source C:/Xilinx_vitis/Vitis_HLS/2023.2/common/technology/generic/autopilot/interface.gen 
Execute     source C:/selected_topics_hdmi/pyzq/hw/hls_gray_ip/video_gray_live_prj/solution1/.autopilot/db/global.setting.tcl 
Execute     source C:/Xilinx_vitis/Vitis_HLS/2023.2/common/technology/xilinx/common/xilinx.gen 
Execute       source C:/Xilinx_vitis/Vitis_HLS/2023.2/common/technology/xilinx/interface/plb46.gen 
Execute       source C:/Xilinx_vitis/Vitis_HLS/2023.2/common/technology/xilinx/interface/axi4.gen 
Execute       source C:/Xilinx_vitis/Vitis_HLS/2023.2/common/technology/xilinx/interface/nativeAXI4.gen 
Execute         source C:/Xilinx_vitis/Vitis_HLS/2023.2/common/technology/xilinx/interface/saxilite.gen 
Execute       source C:/Xilinx_vitis/Vitis_HLS/2023.2/common/technology/xilinx/scripts/xilinxcoregen.gen 
Execute       source C:/Xilinx_vitis/Vitis_HLS/2023.2/common/technology/xilinx/interface/XilEDKCoreGen.gen 
Execute       source C:/Xilinx_vitis/Vitis_HLS/2023.2/common/technology/xilinx/ip/dds_compiler.gen 
Execute       source C:/Xilinx_vitis/Vitis_HLS/2023.2/common/technology/xilinx/ip/util.gen 
Execute       source C:/Xilinx_vitis/Vitis_HLS/2023.2/common/technology/xilinx/ip/xfft.gen 
Execute       source C:/Xilinx_vitis/Vitis_HLS/2023.2/common/technology/xilinx/ip/xfir.gen 
Execute       source C:/Xilinx_vitis/Vitis_HLS/2023.2/common/technology/xilinx/DSP48/dsp48.gen 
INFO-FLOW: DBG:PUTS:     IP package: exec C:/selected_topics_hdmi/pyzq/hw/hls_gray_ip/video_gray_live_prj/solution1/impl/ip/pack.bat
INFO-FLOW: DBG:PUTS:     IP package: success C:/selected_topics_hdmi/pyzq/hw/hls_gray_ip/video_gray_live_prj/solution1/impl/ip/pack.bat
Execute     send_msg_by_id INFO @200-802@%s hls_export/export.zip 
INFO: [HLS 200-802] Generated output file hls_export/export.zip
Command   export_design done; 7.282 sec.
INFO: [HLS 200-111] Finished Command export_design CPU user time: 0 seconds. CPU system time: 0 seconds. Elapsed time: 7.282 seconds; current allocated memory: 7.477 MB.
Command ap_source done; 7.73 sec.
Execute cleanup_all 
